This is pdfTeX, Version 3.141592653-2.6-1.40.29 (TeX Live 2026) (preloaded format=pdflatex 2026.3.22)  3 JUN 2026 22:12
entering extended mode
 restricted \write18 enabled.
 file:line:error style messages enabled.
 %&-line parsing enabled.
**/Users/prom1/MyShit/dev/tex/tex_is/tesis.tex
(/Users/prom1/MyShit/dev/tex/tex_is/tesis.tex
LaTeX2e <2025-11-01>
L3 programming layer <2026-01-19>
(./thesis.cls
Document Class: thesis 2016/07/28 v1.0.3 thesis template for the University of Computer Science
(/usr/local/texlive/2026/texmf-dist/tex/latex/base/report.cls
Document Class: report 2025/01/22 v1.4n Standard LaTeX document class
(/usr/local/texlive/2026/texmf-dist/tex/latex/base/size11.clo
File: size11.clo 2025/01/22 v1.4n Standard LaTeX file (size option)
)
\c@part=\count275
\c@chapter=\count276
\c@section=\count277
\c@subsection=\count278
\c@subsubsection=\count279
\c@paragraph=\count280
\c@subparagraph=\count281
\c@figure=\count282
\c@table=\count283
\abovecaptionskip=\skip49
\belowcaptionskip=\skip50
\bibindent=\dimen148
) (/usr/local/texlive/2026/texmf-dist/tex/latex/fancyhdr/fancyhdr.sty
Package: fancyhdr 2025/02/07 v5.2 Extensive control of page headers and footers
\f@nch@headwidth=\skip51
\f@nch@offset@elh=\skip52
\f@nch@offset@erh=\skip53
\f@nch@offset@olh=\skip54
\f@nch@offset@orh=\skip55
\f@nch@offset@elf=\skip56
\f@nch@offset@erf=\skip57
\f@nch@offset@olf=\skip58
\f@nch@offset@orf=\skip59
\f@nch@height=\skip60
\f@nch@footalignment=\skip61
\f@nch@widthL=\skip62
\f@nch@widthC=\skip63
\f@nch@widthR=\skip64
\@temptokenb=\toks17
) (/usr/local/texlive/2026/texmf-dist/tex/latex/base/ifthen.sty
Package: ifthen 2024/03/16 v1.1e Standard LaTeX ifthen package (DPC)
)
\marginspace=\dimen149
 (/usr/local/texlive/2026/texmf-dist/tex/latex/fncychap/fncychap.sty
Package: fncychap 2007/07/30 v1.34 LaTeX package (Revised chapters)
\RW=\skip65
\mylen=\skip66
\myhi=\skip67
\px=\skip68
\py=\skip69
\pyy=\skip70
\pxx=\skip71
) (/usr/local/texlive/2026/texmf-dist/tex/latex/geometry/geometry.sty
Package: geometry 2026/03/07 v6.0 Page Geometry
 (/usr/local/texlive/2026/texmf-dist/tex/latex/graphics/keyval.sty
Package: keyval 2022/05/29 v1.15 key=value parser (DPC)
\KV@toks@=\toks18
) (/usr/local/texlive/2026/texmf-dist/tex/generic/iftex/ifvtex.sty
Package: ifvtex 2019/10/25 v1.7 ifvtex legacy package. Use iftex instead.
 (/usr/local/texlive/2026/texmf-dist/tex/generic/iftex/iftex.sty
Package: iftex 2024/12/12 v1.0g TeX engine tests
))
\Gm@cnth=\count284
\Gm@cntv=\count285
\c@Gm@tempcnt=\count286
\Gm@bindingoffset=\dimen150
\Gm@wd@mp=\dimen151
\Gm@odd@mp=\dimen152
\Gm@even@mp=\dimen153
\Gm@layoutwidth=\dimen154
\Gm@layoutheight=\dimen155
\Gm@layouthoffset=\dimen156
\Gm@layoutvoffset=\dimen157
\Gm@dimlist=\toks19
) (/usr/local/texlive/2026/texmf-dist/tex/latex/base/inputenc.sty
Package: inputenc 2024/02/08 v1.3d Input encoding file
\inpenc@prehook=\toks20
\inpenc@posthook=\toks21
) (/usr/local/texlive/2026/texmf-dist/tex/latex/base/fontenc.sty
Package: fontenc 2025/07/18 v2.1d Standard LaTeX package
) (/usr/local/texlive/2026/texmf-dist/tex/latex/graphics/graphicx.sty
Package: graphicx 2024/12/31 v1.2e Enhanced LaTeX Graphics (DPC,SPQR)
 (/usr/local/texlive/2026/texmf-dist/tex/latex/graphics/graphics.sty
Package: graphics 2024/08/06 v1.4g Standard LaTeX Graphics (DPC,SPQR)
 (/usr/local/texlive/2026/texmf-dist/tex/latex/graphics/trig.sty
Package: trig 2023/12/02 v1.11 sin cos tan (DPC)
) (/usr/local/texlive/2026/texmf-dist/tex/latex/graphics-cfg/graphics.cfg
File: graphics.cfg 2016/06/04 v1.11 sample graphics configuration
)
Package graphics Info: Driver file: pdftex.def on input line 106.
 (/usr/local/texlive/2026/texmf-dist/tex/latex/graphics-def/pdftex.def
File: pdftex.def 2025/09/29 v1.2d Graphics/color driver for pdftex
))
\Gin@req@height=\dimen158
\Gin@req@width=\dimen159
) (/usr/local/texlive/2026/texmf-dist/tex/latex/epstopdf-pkg/epstopdf.sty
Package: epstopdf 2020-01-24 v2.11 Conversion with epstopdf on the fly (HO)
 (/usr/local/texlive/2026/texmf-dist/tex/generic/infwarerr/infwarerr.sty
Package: infwarerr 2019/12/03 v1.5 Providing info/warning/error messages (HO)
) (/usr/local/texlive/2026/texmf-dist/tex/latex/grfext/grfext.sty
Package: grfext 2019/12/03 v1.3 Manage graphics extensions (HO)
 (/usr/local/texlive/2026/texmf-dist/tex/generic/kvdefinekeys/kvdefinekeys.sty
Package: kvdefinekeys 2019-12-19 v1.6 Define keys (HO)
)) (/usr/local/texlive/2026/texmf-dist/tex/latex/kvoptions/kvoptions.sty
Package: kvoptions 2022-06-15 v3.15 Key value format for package options (HO)
 (/usr/local/texlive/2026/texmf-dist/tex/generic/ltxcmds/ltxcmds.sty
Package: ltxcmds 2023-12-04 v1.26 LaTeX kernel commands for general use (HO)
) (/usr/local/texlive/2026/texmf-dist/tex/latex/kvsetkeys/kvsetkeys.sty
Package: kvsetkeys 2022-10-05 v1.19 Key value parser (HO)
)) (/usr/local/texlive/2026/texmf-dist/tex/generic/pdftexcmds/pdftexcmds.sty
Package: pdftexcmds 2020-06-27 v0.33 Utility functions of pdfTeX for LuaTeX (HO)
Package pdftexcmds Info: \pdf@primitive is available.
Package pdftexcmds Info: \pdf@ifprimitive is available.
Package pdftexcmds Info: \pdfdraftmode found.
) (/usr/local/texlive/2026/texmf-dist/tex/latex/epstopdf-pkg/epstopdf-base.sty
Package: epstopdf-base 2020-01-24 v2.11 Base part for package epstopdf
Package epstopdf-base Info: Redefining graphics rule for `.eps' on input line 485.
Package grfext Info: Graphics extension search list:
(grfext)             [.pdf,.png,.jpg,.mps,.jpeg,.jbig2,.jb2,.PDF,.PNG,.JPG,.JPEG,.JBIG2,.JB2,.eps]
(grfext)             \AppendGraphicsExtensions on input line 504.
 (/usr/local/texlive/2026/texmf-dist/tex/latex/latexconfig/epstopdf-sys.cfg
File: epstopdf-sys.cfg 2010/07/13 v1.3 Configuration of (r)epstopdf for TeX Live
))) (/usr/local/texlive/2026/texmf-dist/tex/generic/babel/babel.sty
Package: babel 2026/03/08 v26.4 The multilingual framework for LuaLaTeX, pdfLaTeX and XeLaTeX
\babel@savecnt=\count287
LaTeX Encoding Info:    Redeclaring text command \ij (encoding OT1) on input line 2078.
LaTeX Encoding Info:    Redeclaring text command \IJ (encoding OT1) on input line 2080.
LaTeX Encoding Info:    Redeclaring text command \ij (encoding T1) on input line 2082.
LaTeX Encoding Info:    Redeclaring text command \IJ (encoding T1) on input line 2083.
LaTeX Encoding Info:    Ignoring declaration for text command \ij (encoding ?) on input line 2084.
LaTeX Encoding Info:    Ignoring declaration for text command \IJ (encoding ?) on input line 2086.
LaTeX Encoding Info:    Ignoring declaration for text command \SS (encoding ?) on input line 2111.
\U@D=\dimen160
\l@unhyphenated=\language91
 (/usr/local/texlive/2026/texmf-dist/tex/generic/babel/txtbabel.def)
\bbl@readstream=\read2
\bbl@dirlevel=\count288
 (/usr/local/texlive/2026/texmf-dist/tex/generic/babel/locale/es/babel-spanish.tex) (/usr/local/texlive/2026/texmf-dist/tex/generic/babel/locale/en/babel-english.tex)
Package babel Info: Importing font and identification data for spanish
(babel)             from babel-es.ini. Reported on input line 4330.
 (/usr/local/texlive/2026/texmf-dist/tex/generic/babel-spanish/spanish.ldf
Language: spanish.ldf 2021/05/27 v5.0q Spanish support from the babel system
\es@quottoks=\toks22
\es@quotdepth=\count289
Package babel Info: Making " an active character on input line 570.
Package babel Info: Making . an active character on input line 675.
Package babel Info: Making < an active character on input line 722.
Package babel Info: Making > an active character on input line 722.
)
Package babel Info: Importing font and identification data for english
(babel)             from babel-en.ini. Reported on input line 4330.
 (/usr/local/texlive/2026/texmf-dist/tex/generic/babel-english/english.ldf
Language: english 2017/06/06 v3.3r English support from the babel system
Package babel Info: Hyphen rules for 'canadian' set to \l@english
(babel)             (\language0). Reported on input line 102.
Package babel Info: Hyphen rules for 'australian' set to \l@ukenglish
(babel)             (\language22). Reported on input line 105.
Package babel Info: Hyphen rules for 'newzealand' set to \l@ukenglish
(babel)             (\language22). Reported on input line 108.
)) (/usr/local/texlive/2026/texmf-dist/tex/latex/datetime/datetime.sty
Package: datetime 2015/03/20 v2.60 Date Time Package
 (/usr/local/texlive/2026/texmf-dist/tex/latex/etoolbox/etoolbox.sty
Package: etoolbox 2025/10/02 v2.5m e-TeX tools for LaTeX (JAW)
\etb@tempcnta=\count290
) (/usr/local/texlive/2026/texmf-dist/tex/latex/fmtcount/fmtcount.sty
Package: fmtcount 2025/12/02 v3.12 Displaying the values of LaTeX counters (NT,VB,NE)
 (/usr/local/texlive/2026/texmf-dist/tex/latex/xkeyval/xkeyval.sty
Package: xkeyval 2025/11/04 v2.10 package option processing (HA)
 (/usr/local/texlive/2026/texmf-dist/tex/generic/xkeyval/xkeyval.tex (/usr/local/texlive/2026/texmf-dist/tex/generic/xkeyval/xkvutils.tex
\XKV@toks=\toks23
\XKV@tempa@toks=\toks24
\XKV@tempb@toks=\toks25
)
\XKV@depth=\count291
File: xkeyval.tex 2014/12/03 v2.7a key=value parser (HA)
)) (/usr/local/texlive/2026/texmf-dist/tex/latex/fmtcount/fcprefix.sty
Package: fcprefix 2012/09/28
 (/usr/local/texlive/2026/texmf-dist/tex/latex/fmtcount/fcnumparser.sty
Package: fcnumparser 2017/06/15
\fc@digit@counter=\count292
)) (/usr/local/texlive/2026/texmf-dist/tex/latex/amsmath/amsgen.sty
File: amsgen.sty 1999/11/30 v2.0 generic functions
\@emptytoks=\toks26
\ex@=\dimen161
)
\c@padzeroesN=\count293
\fc@tmpcatcode=\count294
 (/usr/local/texlive/2026/texmf-dist/tex/latex/fmtcount/fc-english.def
File: fc-english.def 2016/01/12
) (/usr/local/texlive/2026/texmf-dist/tex/latex/fmtcount/fc-spanish.def
File: fc-spanish.def 2016/01/12
)
\@DT@modctr=\count295
\@ordinalctr=\count296
\@orgargctr=\count297
\@strctr=\count298
\@tmpstrctr=\count299
\@DT@loopN=\count300
\@DT@X=\count301
) (/usr/local/texlive/2026/texmf-dist/tex/latex/datetime/datetime-defaults.sty
Package: datetime-defaults 2013/09/10
)
\@day=\count302
\@month=\count303
\@year=\count304
\c@HOUR=\count305
\c@HOURXII=\count306
\c@MINUTE=\count307
\c@TOHOUR=\count308
\c@TOMINUTE=\count309
\c@SECOND=\count310
\currenthour=\count311
\currentminute=\count312
\currentsecond=\count313
Package datetime Info: No datetime.cfg file found, using default settings on input line 308.
 (/usr/local/texlive/2026/texmf-dist/tex/latex/datetime/dt-spanish.def
File: dt-spanish.def 2013/09/10
LaTeX Info: Redefining \datespanish on input line 85.
)
\@dtctr=\count314
\dayofyear=\count315
\dayofweek=\count316
LaTeX Info: Redefining \today on input line 736.
\dt@a=\toks27
\dt@b=\toks28
) (/usr/local/texlive/2026/texmf-dist/tex/latex/enumitem/enumitem.sty
Package: enumitem 2025/02/06 v3.11 Customized lists
\labelindent=\skip72
\enit@outerparindent=\dimen162
\enit@toks=\toks29
\enit@inbox=\box53
\enit@count@id=\count317
\enitdp@description=\count318
) (/usr/local/texlive/2026/texmf-dist/tex/latex/csquotes/csquotes.sty
Package: csquotes 2024-04-04 v5.2o context-sensitive quotations (JAW)
\csq@reset=\count319
\csq@gtype=\count320
\csq@glevel=\count321
\csq@qlevel=\count322
\csq@maxlvl=\count323
\csq@tshold=\count324
\csq@ltx@everypar=\toks30
 (/usr/local/texlive/2026/texmf-dist/tex/latex/csquotes/csquotes.def
File: csquotes.def 2024-04-04 v5.2o csquotes generic definitions (JAW)
)
Package csquotes Info: Trying to load configuration file 'csquotes.cfg'...
Package csquotes Info: ... configuration file loaded successfully.
 (/usr/local/texlive/2026/texmf-dist/tex/latex/csquotes/csquotes.cfg
File: csquotes.cfg 
)) (/usr/local/texlive/2026/texmf-dist/tex/latex/caption/caption.sty
Package: caption 2023/08/05 v3.6o Customizing captions (AR)
 (/usr/local/texlive/2026/texmf-dist/tex/latex/caption/caption3.sty
Package: caption3 2023/07/31 v2.4d caption3 kernel (AR)
\caption@tempdima=\dimen163
\captionmargin=\dimen164
\caption@leftmargin=\dimen165
\caption@rightmargin=\dimen166
\caption@width=\dimen167
\caption@indent=\dimen168
\caption@parindent=\dimen169
\caption@hangindent=\dimen170
Package caption Info: Standard document class detected.
)
\c@caption@flags=\count325
\c@continuedfloat=\count326
) (/usr/local/texlive/2026/texmf-dist/tex/latex/caption/subcaption.sty
Package: subcaption 2023/07/28 v1.6b Sub-captions (AR)
Package caption Info: New subtype `subfigure' on input line 238.
\c@subfigure=\count327
Package caption Info: New subtype `subtable' on input line 238.
\c@subtable=\count328
) (/usr/local/texlive/2026/texmf-dist/tex/latex/amsmath/amsmath.sty
Package: amsmath 2025/07/09 v2.17z AMS math features
\@mathmargin=\skip73

For additional information on amsmath, use the `?' option.
(/usr/local/texlive/2026/texmf-dist/tex/latex/amsmath/amstext.sty
Package: amstext 2024/11/17 v2.01 AMS text
) (/usr/local/texlive/2026/texmf-dist/tex/latex/amsmath/amsbsy.sty
Package: amsbsy 1999/11/29 v1.2d Bold Symbols
\pmbraise@=\dimen171
) (/usr/local/texlive/2026/texmf-dist/tex/latex/amsmath/amsopn.sty
Package: amsopn 2022/04/08 v2.04 operator names
)
\inf@bad=\count329
LaTeX Info: Redefining \frac on input line 233.
\uproot@=\count330
\leftroot@=\count331
LaTeX Info: Redefining \overline on input line 398.
LaTeX Info: Redefining \colon on input line 409.
\classnum@=\count332
\DOTSCASE@=\count333
LaTeX Info: Redefining \ldots on input line 495.
LaTeX Info: Redefining \dots on input line 498.
LaTeX Info: Redefining \cdots on input line 619.
\Mathstrutbox@=\box54
\strutbox@=\box55
LaTeX Info: Redefining \big on input line 721.
LaTeX Info: Redefining \Big on input line 722.
LaTeX Info: Redefining \bigg on input line 723.
LaTeX Info: Redefining \Bigg on input line 724.
\big@size=\dimen172
LaTeX Font Info:    Redeclaring font encoding OML on input line 742.
LaTeX Font Info:    Redeclaring font encoding OMS on input line 743.
\macc@depth=\count334
LaTeX Info: Redefining \bmod on input line 904.
LaTeX Info: Redefining \pmod on input line 909.
LaTeX Info: Redefining \smash on input line 939.
LaTeX Info: Redefining \relbar on input line 969.
LaTeX Info: Redefining \Relbar on input line 970.
\c@MaxMatrixCols=\count335
\dotsspace@=\muskip17
\c@parentequation=\count336
\dspbrk@lvl=\count337
\tag@help=\toks31
\row@=\count338
\column@=\count339
\maxfields@=\count340
\andhelp@=\toks32
\eqnshift@=\dimen173
\alignsep@=\dimen174
\tagshift@=\dimen175
\tagwidth@=\dimen176
\totwidth@=\dimen177
\lineht@=\dimen178
\@envbody=\toks33
\multlinegap=\skip74
\multlinetaggap=\skip75
\mathdisplay@stack=\toks34
LaTeX Info: Redefining \[ on input line 2950.
LaTeX Info: Redefining \] on input line 2951.
) (/usr/local/texlive/2026/texmf-dist/tex/latex/amscls/amsthm.sty
Package: amsthm 2020/05/29 v2.20.6
\thm@style=\toks35
\thm@bodyfont=\toks36
\thm@headfont=\toks37
\thm@notefont=\toks38
\thm@headpunct=\toks39
\thm@preskip=\skip76
\thm@postskip=\skip77
\thm@headsep=\skip78
\dth@everypar=\toks40
) (/usr/local/texlive/2026/texmf-dist/tex/latex/amsfonts/amssymb.sty
Package: amssymb 2013/01/14 v3.01 AMS font symbols
 (/usr/local/texlive/2026/texmf-dist/tex/latex/amsfonts/amsfonts.sty
Package: amsfonts 2013/01/14 v3.01 Basic AMSFonts support
\symAMSa=\mathgroup4
\symAMSb=\mathgroup5
LaTeX Font Info:    Redeclaring math symbol \hbar on input line 98.
LaTeX Font Info:    Overwriting math alphabet `\mathfrak' in version `bold'
(Font)                  U/euf/m/n --> U/euf/b/n on input line 106.
)) (./kbordermatrix.sty
Package: kbordermatrix 2011/09/21 Bordered matrix with brackets
\kbcolsep=\skip79
\kbrowsep=\skip80
\br@kwd=\skip81
\k@bordht=\skip82
) (/usr/local/texlive/2026/texmf-dist/tex/latex/xcolor/xcolor.sty
Package: xcolor 2024/09/29 v3.02 LaTeX color extensions (UK)
 (/usr/local/texlive/2026/texmf-dist/tex/latex/graphics-cfg/color.cfg
File: color.cfg 2016/01/02 v1.6 sample color configuration
)
Package xcolor Info: Driver file: pdftex.def on input line 274.
 (/usr/local/texlive/2026/texmf-dist/tex/latex/graphics/mathcolor.ltx)
Package xcolor Info: Model `cmy' substituted by `cmy0' on input line 1349.
Package xcolor Info: Model `hsb' substituted by `rgb' on input line 1353.
Package xcolor Info: Model `RGB' extended on input line 1365.
Package xcolor Info: Model `HTML' substituted by `rgb' on input line 1367.
Package xcolor Info: Model `Hsb' substituted by `hsb' on input line 1368.
Package xcolor Info: Model `tHsb' substituted by `hsb' on input line 1369.
Package xcolor Info: Model `HSB' substituted by `hsb' on input line 1370.
Package xcolor Info: Model `Gray' substituted by `gray' on input line 1371.
Package xcolor Info: Model `wave' substituted by `hsb' on input line 1372.
) (/usr/local/texlive/2026/texmf-dist/tex/latex/graphics/dvipsnam.def
File: dvipsnam.def 2016/06/17 v3.0m Driver-dependent file (DPC,SPQR)
) (/usr/local/texlive/2026/texmf-dist/tex/latex/xcolor/svgnam.def
File: svgnam.def 2024/09/29 v3.02 Predefined colors according to SVG 1.1 (UK)
) (/usr/local/texlive/2026/texmf-dist/tex/latex/xcolor/x11nam.def
File: x11nam.def 2024/09/29 v3.02 Predefined colors according to Unix/X11 (UK)
) (/usr/local/texlive/2026/texmf-dist/tex/latex/colortbl/colortbl.sty
Package: colortbl 2024/10/29 v1.0k Color table columns (DPC)
 (/usr/local/texlive/2026/texmf-dist/tex/latex/tools/array.sty
Package: array 2025/09/25 v2.6n Tabular extension package (FMi)
\col@sep=\dimen179
\ar@mcellbox=\box56
\extrarowheight=\dimen180
\NC@list=\toks41
\extratabsurround=\skip83
\backup@length=\skip84
\ar@cellbox=\box57
)
\everycr=\toks42
\minrowclearance=\skip85
\rownum=\count341
) (/usr/local/texlive/2026/texmf-dist/tex/latex/multirow/multirow.sty
Package: multirow 2024/11/12 v2.9 Span multiple rows of a table
\multirow@colwidth=\skip86
\multirow@cntb=\count342
\multirow@dima=\skip87
\bigstrutjot=\dimen181
) (/usr/local/texlive/2026/texmf-dist/tex/latex/fp/fp.sty
Package: fp 1995/04/02
 `Fixed Point Package', Version 0.8, April 2, 1995 (C) Michael Mehlich (/usr/local/texlive/2026/texmf-dist/tex/latex/fp/defpattern.sty
Package: defpattern 1994/10/12
\actioncount=\count343
) (/usr/local/texlive/2026/texmf-dist/tex/latex/fp/fp-basic.sty
Package: fp-basic 1996/05/13
\FP@xs=\count344
\FP@xia=\count345
\FP@xib=\count346
\FP@xfa=\count347
\FP@xfb=\count348
\FP@rega=\count349
\FP@regb=\count350
\FP@regs=\count351
\FP@times=\count352
) (/usr/local/texlive/2026/texmf-dist/tex/latex/fp/fp-addons.sty
Package: fp-addons 1995/03/15
) (/usr/local/texlive/2026/texmf-dist/tex/latex/fp/fp-snap.sty
Package: fp-snap 1995/04/05
) (/usr/local/texlive/2026/texmf-dist/tex/latex/fp/fp-exp.sty
Package: fp-exp 1995/04/03
) (/usr/local/texlive/2026/texmf-dist/tex/latex/fp/fp-trigo.sty
Package: fp-trigo 1995/04/14
) (/usr/local/texlive/2026/texmf-dist/tex/latex/fp/fp-pas.sty
Package: fp-pas 1994/08/29
) (/usr/local/texlive/2026/texmf-dist/tex/latex/fp/fp-random.sty
Package: fp-random 1995/02/23
\FPseed=\count353
) (/usr/local/texlive/2026/texmf-dist/tex/latex/fp/fp-eqn.sty
Package: fp-eqn 1995/04/03
) (/usr/local/texlive/2026/texmf-dist/tex/latex/fp/fp-upn.sty
Package: fp-upn 1996/10/21
) (/usr/local/texlive/2026/texmf-dist/tex/latex/fp/fp-eval.sty
Package: fp-eval 1995/04/03
)) (/usr/local/texlive/2026/texmf-dist/tex/latex/tocloft/tocloft.sty
Package: tocloft 2017/08/31 v2.3i parameterised ToC, etc., typesetting
Package tocloft Info: The document has chapter divisions on input line 51.
\cftparskip=\skip88
\cftbeforetoctitleskip=\skip89
\cftaftertoctitleskip=\skip90
\cftbeforepartskip=\skip91
\cftpartnumwidth=\skip92
\cftpartindent=\skip93
\cftbeforechapskip=\skip94
\cftchapindent=\skip95
\cftchapnumwidth=\skip96
\cftbeforesecskip=\skip97
\cftsecindent=\skip98
\cftsecnumwidth=\skip99
\cftbeforesubsecskip=\skip100
\cftsubsecindent=\skip101
\cftsubsecnumwidth=\skip102
\cftbeforesubsubsecskip=\skip103
\cftsubsubsecindent=\skip104
\cftsubsubsecnumwidth=\skip105
\cftbeforeparaskip=\skip106
\cftparaindent=\skip107
\cftparanumwidth=\skip108
\cftbeforesubparaskip=\skip109
\cftsubparaindent=\skip110
\cftsubparanumwidth=\skip111
\cftbeforeloftitleskip=\skip112
\cftafterloftitleskip=\skip113
\cftbeforefigskip=\skip114
\cftfigindent=\skip115
\cftfignumwidth=\skip116
\c@lofdepth=\count354
\c@lotdepth=\count355
\cftbeforelottitleskip=\skip117
\cftafterlottitleskip=\skip118
\cftbeforetabskip=\skip119
\cfttabindent=\skip120
\cfttabnumwidth=\skip121
) (/usr/local/texlive/2026/texmf-dist/tex/latex/multirow/bigstrut.sty
Package: bigstrut 2024/11/12 v2.9 Provide larger struts in tabulars
) (/usr/local/texlive/2026/texmf-dist/tex/latex/tools/longtable.sty
Package: longtable 2025-10-13 v4.24 Multi-page Table package (DPC)
\LTleft=\skip122
\LTright=\skip123
\LTpre=\skip124
\LTpost=\skip125
\LTchunksize=\count356
\LTcapwidth=\dimen182
\LT@head=\box58
\LT@firsthead=\box59
\LT@foot=\box60
\LT@lastfoot=\box61
\LT@gbox=\box62
\LT@cols=\count357
\LT@rows=\count358
\c@LT@tables=\count359
\c@LT@chunks=\count360
\LT@p@ftn=\toks43
) (/usr/local/texlive/2026/texmf-dist/tex/latex/pdflscape/pdflscape.sty
Package: pdflscape 2025-06-23 v0.14 Display of landscape pages in PDF
 (/usr/local/texlive/2026/texmf-dist/tex/latex/pdflscape/pdflscape-nometadata.sty
Package: pdflscape-nometadata 2025-06-23 v0.14 Display of landscape pages in PDF (HO)
 (/usr/local/texlive/2026/texmf-dist/tex/latex/graphics/lscape.sty
Package: lscape 2020/05/28 v3.02 Landscape Pages (DPC)
)
Package pdflscape Info: Auto-detected driver: pdftex on input line 81.
)) (/usr/local/texlive/2026/texmf-dist/tex/latex/tools/hhline.sty
Package: hhline 2020/01/04 v2.04 Table rule package (DPC)
) (/usr/local/texlive/2026/texmf-dist/tex/latex/pdfpages/pdfpages.sty
Package: pdfpages 2025/07/23 v0.6g Insert pages of external PDF documents (AM)
 (/usr/local/texlive/2026/texmf-dist/tex/latex/tools/calc.sty
Package: calc 2025/03/01 v4.3b Infix arithmetic (KKT,FJ)
\calc@Acount=\count361
\calc@Bcount=\count362
\calc@Adimen=\dimen183
\calc@Bdimen=\dimen184
\calc@Askip=\skip126
\calc@Bskip=\skip127
LaTeX Info: Redefining \setlength on input line 86.
LaTeX Info: Redefining \addtolength on input line 87.
\calc@Ccount=\count363
\calc@Cskip=\skip128
) (/usr/local/texlive/2026/texmf-dist/tex/latex/eso-pic/eso-pic.sty
Package: eso-pic 2025/12/10 v3.0d eso-pic (RN)
\ESO@tempdima=\dimen185
\ESO@tempdimb=\dimen186
)
\AM@pagewidth=\dimen187
\AM@pageheight=\dimen188
\AM@fboxrule=\dimen189
 (/usr/local/texlive/2026/texmf-dist/tex/latex/pdfpages/pppdftex.def
File: pppdftex.def 2025/07/23 v0.6g Pdfpages driver for pdfTeX (AM)
)
\pdfpages@includegraphics@status=\count364
\AM@pagebox=\box63
\AM@global@opts=\toks44
\AM@pagecnt=\count365
\AM@toc@title=\toks45
\AM@lof@heading=\toks46
\c@AM@survey=\count366
\AM@templatesizebox=\box64
) (/usr/local/texlive/2026/texmf-dist/tex/latex/setspace/setspace.sty
Package: setspace 2022/12/04 v6.7b set line spacing
) (/usr/local/texlive/2026/texmf-dist/tex/latex/algorithms/algorithm.sty
Package: algorithm 2009/08/24 v0.1 Document Style `algorithm' - floating environment
 (/usr/local/texlive/2026/texmf-dist/tex/latex/float/float.sty
Package: float 2001/11/08 v1.3d Float enhancements (AL)
\c@float@type=\count367
\float@exts=\toks47
\float@box=\box65
\@float@everytoks=\toks48
\@floatcapt=\box66
)
\@float@every@algorithm=\toks49
\c@algorithm=\count368
) (/usr/local/texlive/2026/texmf-dist/tex/latex/algorithmicx/algpseudocode.sty
Package: algpseudocode 
 (/usr/local/texlive/2026/texmf-dist/tex/latex/algorithmicx/algorithmicx.sty
Package: algorithmicx 2005/04/27 v1.2 Algorithmicx

Document Style algorithmicx 1.2 - a greatly improved `algorithmic' style
\c@ALG@line=\count369
\c@ALG@rem=\count370
\c@ALG@nested=\count371
\ALG@tlm=\skip129
\ALG@thistlm=\skip130
\c@ALG@Lnr=\count372
\c@ALG@blocknr=\count373
\c@ALG@storecount=\count374
\c@ALG@tmpcounter=\count375
\ALG@tmplength=\skip131
)
Document Style - pseudocode environments for use with the `algorithmicx' style
) (/usr/local/texlive/2026/texmf-dist/tex/latex/upquote/upquote.sty
Package: upquote 2012/04/19 v1.3 upright-quote and grave-accent glyphs in verbatim
 (/usr/local/texlive/2026/texmf-dist/tex/latex/base/textcomp.sty
Package: textcomp 2024/04/24 v2.1b Standard LaTeX package
)) (/usr/local/texlive/2026/texmf-dist/tex/latex/listings/listings.sty
\lst@mode=\count376
\lst@gtempboxa=\box67
\lst@token=\toks50
\lst@length=\count377
\lst@currlwidth=\dimen190
\lst@column=\count378
\lst@pos=\count379
\lst@lostspace=\dimen191
\lst@width=\dimen192
\lst@newlines=\count380
\lst@lineno=\count381
\lst@maxwidth=\dimen193
 (/usr/local/texlive/2026/texmf-dist/tex/latex/listings/lstpatch.sty
File: lstpatch.sty 2025/11/14 1.11b (Carsten Heinz)
) (/usr/local/texlive/2026/texmf-dist/tex/latex/listings/lstmisc.sty
File: lstmisc.sty 2025/11/14 1.11b (Carsten Heinz)
\c@lstnumber=\count382
\lst@skipnumbers=\count383
\lst@framebox=\box68
) (/usr/local/texlive/2026/texmf-dist/tex/latex/listings/listings.cfg
File: listings.cfg 2025/11/14 1.11b listings configuration
))
Package: listings 2025/11/14 1.11b (Carsten Heinz)

==> First Aid for listings.sty no longer applied!
    Expected:
        2024/09/23 1.10c (Carsten Heinz)
    but found:
        2025/11/14 1.11b (Carsten Heinz)
    so I'm assuming it got fixed.
(/usr/local/texlive/2026/texmf-dist/tex/latex/txfonts/txfonts.sty
Package: txfonts 2008/01/22 v3.2.1
LaTeX Font Info:    Redeclaring symbol font `operators' on input line 21.
LaTeX Font Info:    Overwriting symbol font `operators' in version `normal'
(Font)                  OT1/cmr/m/n --> OT1/txr/m/n on input line 21.
LaTeX Font Info:    Overwriting symbol font `operators' in version `bold'
(Font)                  OT1/cmr/bx/n --> OT1/txr/m/n on input line 21.
LaTeX Font Info:    Overwriting symbol font `operators' in version `bold'
(Font)                  OT1/txr/m/n --> OT1/txr/bx/n on input line 22.
\symitalic=\mathgroup6
LaTeX Font Info:    Overwriting symbol font `italic' in version `bold'
(Font)                  OT1/txr/m/it --> OT1/txr/bx/it on input line 26.
LaTeX Font Info:    Redeclaring math alphabet \mathbf on input line 29.
LaTeX Font Info:    Overwriting math alphabet `\mathbf' in version `normal'
(Font)                  OT1/cmr/bx/n --> OT1/txr/bx/n on input line 29.
LaTeX Font Info:    Overwriting math alphabet `\mathbf' in version `bold'
(Font)                  OT1/cmr/bx/n --> OT1/txr/bx/n on input line 29.
LaTeX Font Info:    Redeclaring math alphabet \mathit on input line 30.
LaTeX Font Info:    Overwriting math alphabet `\mathit' in version `normal'
(Font)                  OT1/cmr/m/it --> OT1/txr/m/it on input line 30.
LaTeX Font Info:    Overwriting math alphabet `\mathit' in version `bold'
(Font)                  OT1/cmr/bx/it --> OT1/txr/m/it on input line 30.
LaTeX Font Info:    Overwriting math alphabet `\mathit' in version `bold'
(Font)                  OT1/txr/m/it --> OT1/txr/bx/it on input line 31.
LaTeX Font Info:    Redeclaring math alphabet \mathsf on input line 40.
LaTeX Font Info:    Overwriting math alphabet `\mathsf' in version `normal'
(Font)                  OT1/cmss/m/n --> OT1/txss/m/n on input line 40.
LaTeX Font Info:    Overwriting math alphabet `\mathsf' in version `bold'
(Font)                  OT1/cmss/bx/n --> OT1/txss/m/n on input line 40.
LaTeX Font Info:    Overwriting math alphabet `\mathsf' in version `bold'
(Font)                  OT1/txss/m/n --> OT1/txss/b/n on input line 41.
LaTeX Font Info:    Redeclaring math alphabet \mathtt on input line 50.
LaTeX Font Info:    Overwriting math alphabet `\mathtt' in version `normal'
(Font)                  OT1/cmtt/m/n --> OT1/txtt/m/n on input line 50.
LaTeX Font Info:    Overwriting math alphabet `\mathtt' in version `bold'
(Font)                  OT1/cmtt/m/n --> OT1/txtt/m/n on input line 50.
LaTeX Font Info:    Overwriting math alphabet `\mathtt' in version `bold'
(Font)                  OT1/txtt/m/n --> OT1/txtt/b/n on input line 51.
LaTeX Font Info:    Redeclaring symbol font `letters' on input line 58.
LaTeX Font Info:    Overwriting symbol font `letters' in version `normal'
(Font)                  OML/cmm/m/it --> OML/txmi/m/it on input line 58.
LaTeX Font Info:    Overwriting symbol font `letters' in version `bold'
(Font)                  OML/cmm/b/it --> OML/txmi/m/it on input line 58.
LaTeX Font Info:    Overwriting symbol font `letters' in version `bold'
(Font)                  OML/txmi/m/it --> OML/txmi/bx/it on input line 59.
\symlettersA=\mathgroup7
LaTeX Font Info:    Overwriting symbol font `lettersA' in version `bold'
(Font)                  U/txmia/m/it --> U/txmia/bx/it on input line 67.
LaTeX Font Info:    Redeclaring math alphabet \mathfrak on input line 70.
LaTeX Font Info:    Redeclaring symbol font `symbols' on input line 77.
LaTeX Font Info:    Overwriting symbol font `symbols' in version `normal'
(Font)                  OMS/cmsy/m/n --> OMS/txsy/m/n on input line 77.
LaTeX Font Info:    Overwriting symbol font `symbols' in version `bold'
(Font)                  OMS/cmsy/b/n --> OMS/txsy/m/n on input line 77.
LaTeX Font Info:    Overwriting symbol font `symbols' in version `bold'
(Font)                  OMS/txsy/m/n --> OMS/txsy/bx/n on input line 78.
LaTeX Font Info:    Redeclaring symbol font `AMSa' on input line 93.
LaTeX Font Info:    Overwriting symbol font `AMSa' in version `normal'
(Font)                  U/msa/m/n --> U/txsya/m/n on input line 93.
LaTeX Font Info:    Overwriting symbol font `AMSa' in version `bold'
(Font)                  U/msa/m/n --> U/txsya/m/n on input line 93.
LaTeX Font Info:    Overwriting symbol font `AMSa' in version `bold'
(Font)                  U/txsya/m/n --> U/txsya/bx/n on input line 94.
LaTeX Font Info:    Redeclaring symbol font `AMSb' on input line 102.
LaTeX Font Info:    Overwriting symbol font `AMSb' in version `normal'
(Font)                  U/msb/m/n --> U/txsyb/m/n on input line 102.
LaTeX Font Info:    Overwriting symbol font `AMSb' in version `bold'
(Font)                  U/msb/m/n --> U/txsyb/m/n on input line 102.
LaTeX Font Info:    Overwriting symbol font `AMSb' in version `bold'
(Font)                  U/txsyb/m/n --> U/txsyb/bx/n on input line 103.
\symsymbolsC=\mathgroup8
LaTeX Font Info:    Overwriting symbol font `symbolsC' in version `bold'
(Font)                  U/txsyc/m/n --> U/txsyc/bx/n on input line 113.
LaTeX Font Info:    Redeclaring symbol font `largesymbols' on input line 120.
LaTeX Font Info:    Overwriting symbol font `largesymbols' in version `normal'
(Font)                  OMX/cmex/m/n --> OMX/txex/m/n on input line 120.
LaTeX Font Info:    Overwriting symbol font `largesymbols' in version `bold'
(Font)                  OMX/cmex/m/n --> OMX/txex/m/n on input line 120.
LaTeX Font Info:    Overwriting symbol font `largesymbols' in version `bold'
(Font)                  OMX/txex/m/n --> OMX/txex/bx/n on input line 121.
\symlargesymbolsA=\mathgroup9
LaTeX Font Info:    Overwriting symbol font `largesymbolsA' in version `bold'
(Font)                  U/txexa/m/n --> U/txexa/bx/n on input line 129.
LaTeX Encoding Info:    Redeclaring text symbol \L (encoding OT1) on input line 160.
LaTeX Encoding Info:    Redeclaring text symbol \l (encoding OT1) on input line 161.
LaTeX Font Info:    Redeclaring math symbol \mathsterling on input line 164.
LaTeX Info: Redefining \not on input line 1043.
LaTeX Info: Redefining \textsquare on input line 1063.
LaTeX Info: Redefining \openbox on input line 1064.
) (/usr/local/texlive/2026/texmf-dist/tex/latex/environ/environ.sty
Package: environ 2014/05/04 v0.3 A new way to define environments
 (/usr/local/texlive/2026/texmf-dist/tex/latex/trimspaces/trimspaces.sty
Package: trimspaces 2009/09/17 v1.1 Trim spaces around a token list
)) (/usr/local/texlive/2026/texmf-dist/tex/latex/hyperref/hyperref.sty
Package: hyperref 2026-01-29 v7.01p Hypertext links for LaTeX
 (/usr/local/texlive/2026/texmf-dist/tex/generic/pdfescape/pdfescape.sty
Package: pdfescape 2019/12/09 v1.15 Implements pdfTeX's escape features (HO)
) (/usr/local/texlive/2026/texmf-dist/tex/latex/hycolor/hycolor.sty
Package: hycolor 2020-01-27 v1.10 Color options for hyperref/bookmark (HO)
) (/usr/local/texlive/2026/texmf-dist/tex/latex/hyperref/nameref.sty
Package: nameref 2026-01-29 v2.58 Cross-referencing by name of section
 (/usr/local/texlive/2026/texmf-dist/tex/latex/refcount/refcount.sty
Package: refcount 2019/12/15 v3.6 Data extraction from label references (HO)
) (/usr/local/texlive/2026/texmf-dist/tex/generic/gettitlestring/gettitlestring.sty
Package: gettitlestring 2019/12/15 v1.6 Cleanup title references (HO)
)
\c@section@level=\count384
) (/usr/local/texlive/2026/texmf-dist/tex/generic/stringenc/stringenc.sty
Package: stringenc 2019/11/29 v1.12 Convert strings between diff. encodings (HO)
)
\@linkdim=\dimen194
\Hy@linkcounter=\count385
\Hy@pagecounter=\count386
 (/usr/local/texlive/2026/texmf-dist/tex/latex/hyperref/pd1enc.def
File: pd1enc.def 2026-01-29 v7.01p Hyperref: PDFDocEncoding definition (HO)
Now handling font encoding PD1 ...
... no UTF-8 mapping file for font encoding PD1
) (/usr/local/texlive/2026/texmf-dist/tex/generic/intcalc/intcalc.sty
Package: intcalc 2019/12/15 v1.3 Expandable calculations with integers (HO)
)
\Hy@SavedSpaceFactor=\count387
 (/usr/local/texlive/2026/texmf-dist/tex/latex/hyperref/puenc.def
File: puenc.def 2026-01-29 v7.01p Hyperref: PDF Unicode definition (HO)
Now handling font encoding PU ...
... no UTF-8 mapping file for font encoding PU
)
Package hyperref Info: Option `colorlinks' set `true' on input line 4072.
Package hyperref Info: Hyper figures OFF on input line 4201.
Package hyperref Info: Link nesting OFF on input line 4206.
Package hyperref Info: Hyper index ON on input line 4209.
Package hyperref Info: Plain pages OFF on input line 4216.
Package hyperref Info: Backreferencing OFF on input line 4221.
Package hyperref Info: Implicit mode ON; LaTeX internals redefined.
Package hyperref Info: Bookmarks ON on input line 4468.
\c@Hy@tempcnt=\count388
 (/usr/local/texlive/2026/texmf-dist/tex/latex/url/url.sty
\Urlmuskip=\muskip18
Package: url 2013/09/16  ver 3.4  Verb mode for urls, etc.
)
LaTeX Info: Redefining \url on input line 4807.
\XeTeXLinkMargin=\dimen195
 (/usr/local/texlive/2026/texmf-dist/tex/generic/bitset/bitset.sty
Package: bitset 2019/12/09 v1.3 Handle bit-vector datatype (HO)
 (/usr/local/texlive/2026/texmf-dist/tex/generic/bigintcalc/bigintcalc.sty
Package: bigintcalc 2019/12/15 v1.5 Expandable calculations on big integers (HO)
))
\Fld@menulength=\count389
\Field@Width=\dimen196
\Fld@charsize=\dimen197
Package hyperref Info: Hyper figures OFF on input line 6084.
Package hyperref Info: Link nesting OFF on input line 6089.
Package hyperref Info: Hyper index ON on input line 6092.
Package hyperref Info: backreferencing OFF on input line 6099.
Package hyperref Info: Link coloring ON on input line 6102.
Package hyperref Info: Link coloring with OCG OFF on input line 6109.
Package hyperref Info: PDF/A mode OFF on input line 6114.
\Hy@abspage=\count390
\c@Item=\count391
\c@Hfootnote=\count392
)
Package hyperref Info: Driver (autodetected): hpdftex.
 (/usr/local/texlive/2026/texmf-dist/tex/latex/hyperref/hpdftex.def
File: hpdftex.def 2026-01-29 v7.01p Hyperref driver for pdfTeX
\Fld@listcount=\count393
\c@bookmark@seq@number=\count394
 (/usr/local/texlive/2026/texmf-dist/tex/latex/rerunfilecheck/rerunfilecheck.sty
Package: rerunfilecheck 2025-06-21 v1.11 Rerun checks for auxiliary files (HO)
 (/usr/local/texlive/2026/texmf-dist/tex/generic/uniquecounter/uniquecounter.sty
Package: uniquecounter 2019/12/15 v1.4 Provide unlimited unique counter (HO)
)
Package uniquecounter Info: New unique counter `rerunfilecheck' on input line 284.
)
\Hy@SectionHShift=\skip132
) (/usr/local/texlive/2026/texmf-dist/tex/latex/draftwatermark/draftwatermark.sty
Package: draftwatermark 2024/03/04 3.3 Put a gray textual watermark on document pages
) (/usr/local/texlive/2026/texmf-dist/tex/latex/textpos/textpos.sty
Package: textpos 2022/07/23 v1.10.1
Package textpos Info: choosing support for LaTeX3 on input line 60.
\TP@textbox=\box69
\TPHorizModule=\dimen198
\TPVertModule=\dimen199
\TP@margin=\dimen256
\TP@absmargin=\dimen257

Grid set 16 x 16 = 38.39343pt x 49.68562pt
\TPboxrulesize=\dimen258
\TP@tbargs=\toks51
) (/usr/local/texlive/2026/texmf-dist/tex/latex/graphics/rotating.sty
Package: rotating 2025/01/14 v2.16e rotated objects in LaTeX
\c@r@tfl@t=\count395
\rotFPtop=\skip133
\rotFPbot=\skip134
\rot@float@box=\box70
\rot@mess@toks=\toks52
) (/usr/local/texlive/2026/texmf-dist/tex/latex/appendix/appendix.sty
Package: appendix 2020/02/08 v1.2c extra appendix facilities
\c@@pps=\count396
\c@@ppsavesec=\count397
\c@@ppsaveapp=\count398
) (/usr/local/texlive/2026/texmf-dist/tex/latex/bookmark/bookmark.sty
Package: bookmark 2023-12-10 v1.31 PDF bookmarks (HO)
 (/usr/local/texlive/2026/texmf-dist/tex/latex/bookmark/bkm-pdftex.def
File: bkm-pdftex.def 2023-12-10 v1.31 bookmark driver for pdfTeX and luaTeX (HO)
\BKM@id=\count399
)) (/usr/local/texlive/2026/texmf-dist/tex/latex/aurical/aurical.sty
Package: aurical 2006/10/12 aurical - a set of three decorative fonts with accents
) (/usr/local/texlive/2026/texmf-dist/tex/latex/fundus-calligra/calligra.sty
Package: calligra 2012/04/10 v1.9 LaTeX package calligra
) (/usr/local/texlive/2026/texmf-dist/tex/latex/glossaries/base/glossaries.sty
Package: glossaries 2026/03/06 v5.0 (NLCT)
 (/usr/local/texlive/2026/texmf-dist/tex/latex/mfirstuc/mfirstuc.sty
Package: mfirstuc 2025/04/03 v2.09 (NLCT)
\@glsmfirst=\toks53
\@glsmrest=\toks54
) (/usr/local/texlive/2026/texmf-dist/tex/latex/xfor/xfor.sty
Package: xfor 2009/02/05 v1.05 (NLCT)
) (/usr/local/texlive/2026/texmf-dist/tex/latex/tracklang/tracklang.sty
Package: tracklang 2025/03/11 v1.6.6 (NLCT) Track Languages
 (/usr/local/texlive/2026/texmf-dist/tex/generic/tracklang/tracklang.tex)
Package tracklang Info: Tracking dialect `spanish' (language `spanish') on input line 53.
) (/usr/local/texlive/2026/texmf-dist/tex/latex/translator/translator.sty
Package: translator 2021-05-31 v1.12d Easy translation of strings in LaTeX
) (/usr/local/texlive/2026/texmf-dist/tex/latex/glossaries-spanish/glossaries-spanish.ldf
File: glossaries-spanish.ldf 2014/11/23 v1.0
 (/usr/local/texlive/2026/texmf-dist/tex/latex/glossaries-spanish/glossaries-spanish-utf8.ldf)) (/usr/local/texlive/2026/texmf-dist/tex/latex/datatool/datatool-base.sty
Package: datatool-base 2025/12/04 v3.4.3 (NLCT)
\l__datatool_tmpa_int=\count400
\l__datatool_tmpb_int=\count401
\l__datatool_tmpc_int=\count402
\l__datatool_tmpd_int=\count403
\l__datatool_count_int=\count404
\l__datatool_tmp_datatype_int=\count405
\l__datatool_tmpa_dim=\dimen259
\l__datatool_tmpb_dim=\dimen260
 (/usr/local/texlive/2026/texmf-dist/tex/latex/datatool/datatool-l3fp.def
File: datatool-l3fp.def 2025/12/04 v3.4.3 (NLCT)
)
\@dtl@toks=\toks55
\@dtl@tmpcount=\count406
\dtl@tmplength=\skip135
\l__datatool_measure_box=\box71
\dtl@sortresult=\count407
 (/usr/local/texlive/2026/texmf-dist/tex/latex/datatool/datatool-utf8.ldf
File: datatool-utf8.ldf 2025/12/04 v3.4.3 (NLCT)
)
\@dtl@datatype=\count408
\c_datatool_unknown_int=\count409
\l__datatool_year_int=\count410
\l__datatool_month_int=\count411
\l__datatool_day_int=\count412
\l__datatool_hour_int=\count413
\l__datatool_minute_int=\count414
\l__datatool_second_int=\count415
\l__datatool_tzhour_int=\count416
\l__datatool_tzminute_int=\count417
\l__datatool_julian_int=\count418
\l__datatool_local_julian_int=\count419
\l__datatool_prefix_int=\count420
\l__datatool_suffix_int=\count421
\@dtl@foreach@level=\count422


Package tracklang Warning: No `datatool' support for dialect `spanish'  on input line 9924.

\dtl@codeA=\count423
\dtl@codeB=\count424
)
\gls@level=\count425
\@gls@tmpb=\toks56
\gls@tmplen=\skip136
\l__glossaries_tmpa_dim=\dimen261
\l__glossaries_tmpb_dim=\dimen262
\glskeylisttok=\toks57
\glslabeltok=\toks58
\glsshorttok=\toks59
\glslongtok=\toks60
 (/usr/local/texlive/2026/texmf-dist/tex/latex/glossaries/styles/glossary-hypernav.sty
Package: glossary-hypernav 2026/03/06 v5.0 (NLCT)
) (/usr/local/texlive/2026/texmf-dist/tex/latex/glossaries/styles/glossary-list.sty
Package: glossary-list 2026/03/06 v5.0 (NLCT)
\glslistdottedwidth=\skip137
) (/usr/local/texlive/2026/texmf-dist/tex/latex/glossaries/styles/glossary-long.sty
Package: glossary-long 2026/03/06 v5.0 (NLCT)
\glsdescwidth=\skip138
\glspagelistwidth=\skip139
) (/usr/local/texlive/2026/texmf-dist/tex/latex/glossaries/styles/glossary-super.sty
Package: glossary-super 2026/03/06 v5.0 (NLCT)
 (/usr/local/texlive/2026/texmf-dist/tex/latex/supertabular/supertabular.sty
Package: supertabular 2025/06/26 v4.2d the supertabular environment
\c@tracingst=\count426
\ST@wd=\dimen263
\ST@rightskip=\skip140
\ST@leftskip=\skip141
\ST@parfillskip=\skip142
\ST@pageleft=\dimen264
\ST@headht=\dimen265
\ST@tailht=\dimen266
\ST@pagesofar=\dimen267
\ST@pboxht=\dimen268
\ST@rowht=\dimen269
\ST@prevht=\dimen270
\ST@toadd=\dimen271
\ST@dimen=\dimen272
\ST@pbox=\box72
)) (/usr/local/texlive/2026/texmf-dist/tex/latex/glossaries/styles/glossary-tree.sty
Package: glossary-tree 2026/03/06 v5.0 (NLCT)
\l__glossaries_tree_max_known_level_int=\count427
\l__glossaries_tree_offset_dim=\dimen273
\l__glossaries_tree_namewidth_dim=\dimen274
\l__glossaries_tree_symbolwidth_dim=\dimen275
\l__glossaries_tree_prenamesym_width_dim=\dimen276
\l__glossaries_tree_presubnamesym_width_dim=\dimen277
\l__glossaries_tree_namewidth_padding_dim=\dimen278
\l__glossaries_tree_symbolwidth_padding_dim=\dimen279
\l__glossaries_tree_namesymbolwidth_dim=\dimen280
\l__glossaries_tree_namesymbolwidth_padding_dim=\dimen281
\l__glossaries_tree_level_int=\count428
\glstreeindent=\skip143
)) (/usr/local/texlive/2026/texmf-dist/tex/generic/soul/soul.sty
Package: soul 2026-03-06 v3.2 Permit use of UTF-8 characters in soul (HO)
 (/usr/local/texlive/2026/texmf-dist/tex/generic/soul/soul-ori.sty
Package: soul-ori 2026-03-06 v3.2 letterspacing/underlining (mf)
\SOUL@word=\toks61
\SOUL@lasttoken=\toks62
\SOUL@syllable=\toks63
\SOUL@cmds=\toks64
\SOUL@buffer=\toks65
\SOUL@token=\toks66
\SOUL@syllgoal=\dimen282
\SOUL@syllwidth=\dimen283
\SOUL@charkern=\dimen284
\SOUL@hyphkern=\dimen285
\SOUL@dimen=\dimen286
\SOUL@dimeni=\dimen287
\SOUL@minus=\count429
\SOUL@comma=\count430
\SOUL@apo=\count431
\SOUL@grave=\count432
\SOUL@spaceskip=\skip144
\SOUL@ttwidth=\dimen288
\SOUL@uldp=\dimen289
\SOUL@ulht=\dimen290
) (/usr/local/texlive/2026/texmf-dist/tex/generic/etexcmds/etexcmds.sty
Package: etexcmds 2019/12/15 v1.7 Avoid name clashes with e-TeX commands (HO)
)) (/usr/local/texlive/2026/texmf-dist/tex/latex/oberdiek/ifdraft.sty
Package: ifdraft 2016/05/16 v1.4 Detect class options draft and final (HO)
) (/usr/local/texlive/2026/texmf-dist/tex/latex/todonotes/todonotes.sty
Package: todonotes 2024/01/05 v1.1.7 Todonotes source and documentation.
Package: todonotes 2024/01/05
 (/usr/local/texlive/2026/texmf-dist/tex/latex/pgf/frontendlayer/tikz.sty (/usr/local/texlive/2026/texmf-dist/tex/latex/pgf/basiclayer/pgf.sty (/usr/local/texlive/2026/texmf-dist/tex/latex/pgf/utilities/pgfrcs.sty (/usr/local/texlive/2026/texmf-dist/tex/generic/pgf/utilities/pgfutil-common.tex
\pgfutil@everybye=\toks67
\pgfutil@tempdima=\dimen291
\pgfutil@tempdimb=\dimen292
) (/usr/local/texlive/2026/texmf-dist/tex/generic/pgf/utilities/pgfutil-latex.def
\pgfutil@abb=\box73
) (/usr/local/texlive/2026/texmf-dist/tex/generic/pgf/utilities/pgfrcs.code.tex (/usr/local/texlive/2026/texmf-dist/tex/generic/pgf/pgf.revision.tex)
Package: pgfrcs 2025-08-29 v3.1.11a (3.1.11a)
))
Package: pgf 2025-08-29 v3.1.11a (3.1.11a)
 (/usr/local/texlive/2026/texmf-dist/tex/latex/pgf/basiclayer/pgfcore.sty (/usr/local/texlive/2026/texmf-dist/tex/latex/pgf/systemlayer/pgfsys.sty (/usr/local/texlive/2026/texmf-dist/tex/generic/pgf/systemlayer/pgfsys.code.tex
Package: pgfsys 2025-08-29 v3.1.11a (3.1.11a)
 (/usr/local/texlive/2026/texmf-dist/tex/generic/pgf/utilities/pgfkeys.code.tex
\pgfkeys@pathtoks=\toks68
\pgfkeys@temptoks=\toks69
 (/usr/local/texlive/2026/texmf-dist/tex/generic/pgf/utilities/pgfkeyslibraryfiltered.code.tex
\pgfkeys@tmptoks=\toks70
))
\pgf@x=\dimen293
\pgf@y=\dimen294
\pgf@xa=\dimen295
\pgf@ya=\dimen296
\pgf@xb=\dimen297
\pgf@yb=\dimen298
\pgf@xc=\dimen299
\pgf@yc=\dimen300
\pgf@xd=\dimen301
\pgf@yd=\dimen302
\w@pgf@writea=\write3
\r@pgf@reada=\read3
\c@pgf@counta=\count433
\c@pgf@countb=\count434
\c@pgf@countc=\count435
\c@pgf@countd=\count436
\t@pgf@toka=\toks71
\t@pgf@tokb=\toks72
\t@pgf@tokc=\toks73
\pgf@sys@id@count=\count437
 (/usr/local/texlive/2026/texmf-dist/tex/generic/pgf/systemlayer/pgf.cfg
File: pgf.cfg 2025-08-29 v3.1.11a (3.1.11a)
)
Driver file for pgf: pgfsys-pdftex.def
 (/usr/local/texlive/2026/texmf-dist/tex/generic/pgf/systemlayer/pgfsys-pdftex.def
File: pgfsys-pdftex.def 2025-08-29 v3.1.11a (3.1.11a)
 (/usr/local/texlive/2026/texmf-dist/tex/generic/pgf/systemlayer/pgfsys-common-pdf.def
File: pgfsys-common-pdf.def 2025-08-29 v3.1.11a (3.1.11a)
))) (/usr/local/texlive/2026/texmf-dist/tex/generic/pgf/systemlayer/pgfsyssoftpath.code.tex
File: pgfsyssoftpath.code.tex 2025-08-29 v3.1.11a (3.1.11a)
\pgfsyssoftpath@smallbuffer@items=\count438
\pgfsyssoftpath@bigbuffer@items=\count439
) (/usr/local/texlive/2026/texmf-dist/tex/generic/pgf/systemlayer/pgfsysprotocol.code.tex
File: pgfsysprotocol.code.tex 2025-08-29 v3.1.11a (3.1.11a)
)) (/usr/local/texlive/2026/texmf-dist/tex/generic/pgf/basiclayer/pgfcore.code.tex
Package: pgfcore 2025-08-29 v3.1.11a (3.1.11a)
 (/usr/local/texlive/2026/texmf-dist/tex/generic/pgf/math/pgfmath.code.tex (/usr/local/texlive/2026/texmf-dist/tex/generic/pgf/math/pgfmathutil.code.tex) (/usr/local/texlive/2026/texmf-dist/tex/generic/pgf/math/pgfmathparser.code.tex
\pgfmath@dimen=\dimen303
\pgfmath@count=\count440
\pgfmath@box=\box74
\pgfmath@toks=\toks74
\pgfmath@stack@operand=\toks75
\pgfmath@stack@operation=\toks76
) (/usr/local/texlive/2026/texmf-dist/tex/generic/pgf/math/pgfmathfunctions.code.tex) (/usr/local/texlive/2026/texmf-dist/tex/generic/pgf/math/pgfmathfunctions.basic.code.tex) (/usr/local/texlive/2026/texmf-dist/tex/generic/pgf/math/pgfmathfunctions.trigonometric.code.tex) (/usr/local/texlive/2026/texmf-dist/tex/generic/pgf/math/pgfmathfunctions.random.code.tex) (/usr/local/texlive/2026/texmf-dist/tex/generic/pgf/math/pgfmathfunctions.comparison.code.tex) (/usr/local/texlive/2026/texmf-dist/tex/generic/pgf/math/pgfmathfunctions.base.code.tex) (/usr/local/texlive/2026/texmf-dist/tex/generic/pgf/math/pgfmathfunctions.round.code.tex) (/usr/local/texlive/2026/texmf-dist/tex/generic/pgf/math/pgfmathfunctions.misc.code.tex) (/usr/local/texlive/2026/texmf-dist/tex/generic/pgf/math/pgfmathfunctions.integerarithmetics.code.tex) (/usr/local/texlive/2026/texmf-dist/tex/generic/pgf/math/pgfmathcalc.code.tex) (/usr/local/texlive/2026/texmf-dist/tex/generic/pgf/math/pgfmathfloat.code.tex
\c@pgfmathroundto@lastzeros=\count441
)) (/usr/local/texlive/2026/texmf-dist/tex/generic/pgf/math/pgfint.code.tex) (/usr/local/texlive/2026/texmf-dist/tex/generic/pgf/basiclayer/pgfcorepoints.code.tex
File: pgfcorepoints.code.tex 2025-08-29 v3.1.11a (3.1.11a)
\pgf@picminx=\dimen304
\pgf@picmaxx=\dimen305
\pgf@picminy=\dimen306
\pgf@picmaxy=\dimen307
\pgf@pathminx=\dimen308
\pgf@pathmaxx=\dimen309
\pgf@pathminy=\dimen310
\pgf@pathmaxy=\dimen311
\pgf@xx=\dimen312
\pgf@xy=\dimen313
\pgf@yx=\dimen314
\pgf@yy=\dimen315
\pgf@zx=\dimen316
\pgf@zy=\dimen317
) (/usr/local/texlive/2026/texmf-dist/tex/generic/pgf/basiclayer/pgfcorepathconstruct.code.tex
File: pgfcorepathconstruct.code.tex 2025-08-29 v3.1.11a (3.1.11a)
\pgf@path@lastx=\dimen318
\pgf@path@lasty=\dimen319
) (/usr/local/texlive/2026/texmf-dist/tex/generic/pgf/basiclayer/pgfcorepathusage.code.tex
File: pgfcorepathusage.code.tex 2025-08-29 v3.1.11a (3.1.11a)
\pgf@shorten@end@additional=\dimen320
\pgf@shorten@start@additional=\dimen321
) (/usr/local/texlive/2026/texmf-dist/tex/generic/pgf/basiclayer/pgfcorescopes.code.tex
File: pgfcorescopes.code.tex 2025-08-29 v3.1.11a (3.1.11a)
\pgfpic=\box75
\pgf@hbox=\box76
\pgf@layerbox@main=\box77
\pgf@picture@serial@count=\count442
) (/usr/local/texlive/2026/texmf-dist/tex/generic/pgf/basiclayer/pgfcoregraphicstate.code.tex
File: pgfcoregraphicstate.code.tex 2025-08-29 v3.1.11a (3.1.11a)
\pgflinewidth=\dimen322
) (/usr/local/texlive/2026/texmf-dist/tex/generic/pgf/basiclayer/pgfcoretransformations.code.tex
File: pgfcoretransformations.code.tex 2025-08-29 v3.1.11a (3.1.11a)
\pgf@pt@x=\dimen323
\pgf@pt@y=\dimen324
\pgf@pt@temp=\dimen325
) (/usr/local/texlive/2026/texmf-dist/tex/generic/pgf/basiclayer/pgfcorequick.code.tex
File: pgfcorequick.code.tex 2025-08-29 v3.1.11a (3.1.11a)
) (/usr/local/texlive/2026/texmf-dist/tex/generic/pgf/basiclayer/pgfcoreobjects.code.tex
File: pgfcoreobjects.code.tex 2025-08-29 v3.1.11a (3.1.11a)
) (/usr/local/texlive/2026/texmf-dist/tex/generic/pgf/basiclayer/pgfcorepathprocessing.code.tex
File: pgfcorepathprocessing.code.tex 2025-08-29 v3.1.11a (3.1.11a)
) (/usr/local/texlive/2026/texmf-dist/tex/generic/pgf/basiclayer/pgfcorearrows.code.tex
File: pgfcorearrows.code.tex 2025-08-29 v3.1.11a (3.1.11a)
\pgfarrowsep=\dimen326
) (/usr/local/texlive/2026/texmf-dist/tex/generic/pgf/basiclayer/pgfcoreshade.code.tex
File: pgfcoreshade.code.tex 2025-08-29 v3.1.11a (3.1.11a)
\pgf@max=\dimen327
\pgf@sys@shading@range@num=\count443
\pgf@shadingcount=\count444
) (/usr/local/texlive/2026/texmf-dist/tex/generic/pgf/basiclayer/pgfcoreimage.code.tex
File: pgfcoreimage.code.tex 2025-08-29 v3.1.11a (3.1.11a)
) (/usr/local/texlive/2026/texmf-dist/tex/generic/pgf/basiclayer/pgfcoreexternal.code.tex
File: pgfcoreexternal.code.tex 2025-08-29 v3.1.11a (3.1.11a)
\pgfexternal@startupbox=\box78
) (/usr/local/texlive/2026/texmf-dist/tex/generic/pgf/basiclayer/pgfcorelayers.code.tex
File: pgfcorelayers.code.tex 2025-08-29 v3.1.11a (3.1.11a)
) (/usr/local/texlive/2026/texmf-dist/tex/generic/pgf/basiclayer/pgfcoretransparency.code.tex
File: pgfcoretransparency.code.tex 2025-08-29 v3.1.11a (3.1.11a)
) (/usr/local/texlive/2026/texmf-dist/tex/generic/pgf/basiclayer/pgfcorepatterns.code.tex
File: pgfcorepatterns.code.tex 2025-08-29 v3.1.11a (3.1.11a)
) (/usr/local/texlive/2026/texmf-dist/tex/generic/pgf/basiclayer/pgfcorerdf.code.tex
File: pgfcorerdf.code.tex 2025-08-29 v3.1.11a (3.1.11a)
))) (/usr/local/texlive/2026/texmf-dist/tex/generic/pgf/modules/pgfmoduleshapes.code.tex
File: pgfmoduleshapes.code.tex 2025-08-29 v3.1.11a (3.1.11a)
\pgfnodeparttextbox=\box79
) (/usr/local/texlive/2026/texmf-dist/tex/generic/pgf/modules/pgfmoduleplot.code.tex
File: pgfmoduleplot.code.tex 2025-08-29 v3.1.11a (3.1.11a)
) (/usr/local/texlive/2026/texmf-dist/tex/latex/pgf/compatibility/pgfcomp-version-0-65.sty
Package: pgfcomp-version-0-65 2025-08-29 v3.1.11a (3.1.11a)
\pgf@nodesepstart=\dimen328
\pgf@nodesepend=\dimen329
) (/usr/local/texlive/2026/texmf-dist/tex/latex/pgf/compatibility/pgfcomp-version-1-18.sty
Package: pgfcomp-version-1-18 2025-08-29 v3.1.11a (3.1.11a)
)) (/usr/local/texlive/2026/texmf-dist/tex/latex/pgf/utilities/pgffor.sty (/usr/local/texlive/2026/texmf-dist/tex/latex/pgf/utilities/pgfkeys.sty (/usr/local/texlive/2026/texmf-dist/tex/generic/pgf/utilities/pgfkeys.code.tex)) (/usr/local/texlive/2026/texmf-dist/tex/latex/pgf/math/pgfmath.sty (/usr/local/texlive/2026/texmf-dist/tex/generic/pgf/math/pgfmath.code.tex)) (/usr/local/texlive/2026/texmf-dist/tex/generic/pgf/utilities/pgffor.code.tex
Package: pgffor 2025-08-29 v3.1.11a (3.1.11a)
\pgffor@iter=\dimen330
\pgffor@skip=\dimen331
\pgffor@stack=\toks77
\pgffor@toks=\toks78
)) (/usr/local/texlive/2026/texmf-dist/tex/generic/pgf/frontendlayer/tikz/tikz.code.tex
Package: tikz 2025-08-29 v3.1.11a (3.1.11a)
 (/usr/local/texlive/2026/texmf-dist/tex/generic/pgf/libraries/pgflibraryplothandlers.code.tex
File: pgflibraryplothandlers.code.tex 2025-08-29 v3.1.11a (3.1.11a)
\pgf@plot@mark@count=\count445
\pgfplotmarksize=\dimen332
)
\tikz@lastx=\dimen333
\tikz@lasty=\dimen334
\tikz@lastxsaved=\dimen335
\tikz@lastysaved=\dimen336
\tikz@lastmovetox=\dimen337
\tikz@lastmovetoy=\dimen338
\tikzleveldistance=\dimen339
\tikzsiblingdistance=\dimen340
\tikz@figbox=\box80
\tikz@figbox@bg=\box81
\tikz@tempbox=\box82
\tikz@tempbox@bg=\box83
\tikztreelevel=\count446
\tikznumberofchildren=\count447
\tikznumberofcurrentchild=\count448
\tikz@fig@count=\count449
 (/usr/local/texlive/2026/texmf-dist/tex/generic/pgf/modules/pgfmodulematrix.code.tex
File: pgfmodulematrix.code.tex 2025-08-29 v3.1.11a (3.1.11a)
\pgfmatrixcurrentrow=\count450
\pgfmatrixcurrentcolumn=\count451
\pgf@matrix@numberofcolumns=\count452
)
\tikz@expandcount=\count453
 (/usr/local/texlive/2026/texmf-dist/tex/generic/pgf/frontendlayer/tikz/libraries/tikzlibrarytopaths.code.tex
File: tikzlibrarytopaths.code.tex 2025-08-29 v3.1.11a (3.1.11a)
))) (/usr/local/texlive/2026/texmf-dist/tex/generic/pgf/frontendlayer/tikz/libraries/tikzlibrarypositioning.code.tex
File: tikzlibrarypositioning.code.tex 2025-08-29 v3.1.11a (3.1.11a)
)
\c@@todonotes@numberoftodonotes=\count454
) (/usr/local/texlive/2026/texmf-dist/tex/latex/mdframed/mdframed.sty
Package: mdframed 2013/07/01 1.9b: mdframed
 (/usr/local/texlive/2026/texmf-dist/tex/latex/l3packages/xparse/xparse.sty (/usr/local/texlive/2026/texmf-dist/tex/latex/l3kernel/expl3.sty
Package: expl3 2026-01-19 L3 programming layer (loader) 
 (/usr/local/texlive/2026/texmf-dist/tex/latex/l3backend/l3backend-pdftex.def
File: l3backend-pdftex.def 2025-10-09 L3 backend support: PDF output (pdfTeX)
\l__color_backend_stack_int=\count455
))
Package: xparse 2025-10-09 L3 Experimental document command parser
) (/usr/local/texlive/2026/texmf-dist/tex/latex/zref/zref-abspage.sty
Package: zref-abspage 2026-03-07 v2.37 Module abspage for zref (HO)
 (/usr/local/texlive/2026/texmf-dist/tex/latex/zref/zref-base.sty
Package: zref-base 2026-03-07 v2.37 Module base for zref (HO)
 (/usr/local/texlive/2026/texmf-dist/tex/latex/auxhook/auxhook.sty
Package: auxhook 2019-12-17 v1.6 Hooks for auxiliary files (HO)
)
Package zref Info: New property list: main on input line 767.
Package zref Info: New property: default on input line 768.
Package zref Info: New property: page on input line 769.
)
\c@abspage=\count456
Package zref Info: New property: abspage on input line 67.
) (/usr/local/texlive/2026/texmf-dist/tex/latex/needspace/needspace.sty
Package: needspace 2025/03/13 v1.3e reserve vertical space
)
\mdf@templength=\skip145
\c@mdf@globalstyle@cnt=\count457
\mdf@skipabove@length=\skip146
\mdf@skipbelow@length=\skip147
\mdf@leftmargin@length=\skip148
\mdf@rightmargin@length=\skip149
\mdf@innerleftmargin@length=\skip150
\mdf@innerrightmargin@length=\skip151
\mdf@innertopmargin@length=\skip152
\mdf@innerbottommargin@length=\skip153
\mdf@splittopskip@length=\skip154
\mdf@splitbottomskip@length=\skip155
\mdf@outermargin@length=\skip156
\mdf@innermargin@length=\skip157
\mdf@linewidth@length=\skip158
\mdf@innerlinewidth@length=\skip159
\mdf@middlelinewidth@length=\skip160
\mdf@outerlinewidth@length=\skip161
\mdf@roundcorner@length=\skip162
\mdf@footenotedistance@length=\skip163
\mdf@userdefinedwidth@length=\skip164
\mdf@needspace@length=\skip165
\mdf@frametitleaboveskip@length=\skip166
\mdf@frametitlebelowskip@length=\skip167
\mdf@frametitlerulewidth@length=\skip168
\mdf@frametitleleftmargin@length=\skip169
\mdf@frametitlerightmargin@length=\skip170
\mdf@shadowsize@length=\skip171
\mdf@extratopheight@length=\skip172
\mdf@subtitleabovelinewidth@length=\skip173
\mdf@subtitlebelowlinewidth@length=\skip174
\mdf@subtitleaboveskip@length=\skip175
\mdf@subtitlebelowskip@length=\skip176
\mdf@subtitleinneraboveskip@length=\skip177
\mdf@subtitleinnerbelowskip@length=\skip178
\mdf@subsubtitleabovelinewidth@length=\skip179
\mdf@subsubtitlebelowlinewidth@length=\skip180
\mdf@subsubtitleaboveskip@length=\skip181
\mdf@subsubtitlebelowskip@length=\skip182
\mdf@subsubtitleinneraboveskip@length=\skip183
\mdf@subsubtitleinnerbelowskip@length=\skip184
 (/usr/local/texlive/2026/texmf-dist/tex/latex/mdframed/md-frame-1.mdf
File: md-frame-1.mdf 2013/07/01\ 1.9b: md-frame-1
)
\mdf@frametitlebox=\box84
\mdf@footnotebox=\box85
\mdf@splitbox@one=\box86
\mdf@splitbox@two=\box87
\mdf@splitbox@save=\box88
\mdfsplitboxwidth=\skip185
\mdfsplitboxtotalwidth=\skip186
\mdfsplitboxheight=\skip187
\mdfsplitboxdepth=\skip188
\mdfsplitboxtotalheight=\skip189
\mdfframetitleboxwidth=\skip190
\mdfframetitleboxtotalwidth=\skip191
\mdfframetitleboxheight=\skip192
\mdfframetitleboxdepth=\skip193
\mdfframetitleboxtotalheight=\skip194
\mdffootnoteboxwidth=\skip195
\mdffootnoteboxtotalwidth=\skip196
\mdffootnoteboxheight=\skip197
\mdffootnoteboxdepth=\skip198
\mdffootnoteboxtotalheight=\skip199
\mdftotallinewidth=\skip256
\mdfboundingboxwidth=\skip257
\mdfboundingboxtotalwidth=\skip258
\mdfboundingboxheight=\skip259
\mdfboundingboxdepth=\skip260
\mdfboundingboxtotalheight=\skip261
\mdf@freevspace@length=\skip262
\mdf@horizontalwidthofbox@length=\skip263
\mdf@verticalmarginwhole@length=\skip264
\mdf@horizontalspaceofbox=\skip265
\mdfsubtitleheight=\skip266
\mdfsubsubtitleheight=\skip267
\c@mdfcountframes=\count458

****** mdframed patching \endmdf@trivlist

****** -- success******

\mdf@envdepth=\count459
\c@mdf@env@i=\count460
\c@mdf@env@ii=\count461
\c@mdf@zref@counter=\count462
Package zref Info: New property: mdf@pagevalue on input line 895.
) (/usr/local/texlive/2026/texmf-dist/tex/latex/lipsum/lipsum.sty (/usr/local/texlive/2026/texmf-dist/tex/latex/l3packages/l3keys2e/l3keys2e.sty
Package: l3keys2e 2025-10-09 LaTeX2e option processing using LaTeX3 keys
)
Package: lipsum 2021-09-20 v2.7 150 paragraphs of Lorem Ipsum dummy text
\g__lipsum_par_int=\count463
\l__lipsum_a_int=\count464
\l__lipsum_b_int=\count465
 (/usr/local/texlive/2026/texmf-dist/tex/latex/lipsum/lipsum.ltd.tex))
\glswrite=\write4
\glo@main@file=\write5
\openout5 = `tesis.glo'.

Package glossaries Info: Writing glossary file tesis.glo on input line 473.
\glo@acronym@file=\write6
\openout6 = `tesis.acn'.

Package glossaries Info: Writing glossary file tesis.acn on input line 473.
\c@cntsign=\count466
\c@cnt=\count467
\c@authesiscnt=\count468
\c@maxnumauthors=\count469
\c@authtempcnt=\count470
\c@pagecount=\count471
\c@DollarFlag=\count472
 (/usr/local/texlive/2026/texmf-dist/tex/latex/biblatex/biblatex.sty
Package: biblatex 2025/07/10 v3.21 programmable bibliographies (PK/MW)
 (/usr/local/texlive/2026/texmf-dist/tex/latex/logreq/logreq.sty
Package: logreq 2010/08/04 v1.0 xml request logger
\lrq@indent=\count473
 (/usr/local/texlive/2026/texmf-dist/tex/latex/logreq/logreq.def
File: logreq.def 2010/08/04 v1.0 logreq spec v1.0
))
\c@tabx@nest=\count474
\c@listtotal=\count475
\c@listcount=\count476
\c@liststart=\count477
\c@liststop=\count478
\c@citecount=\count479
\c@citetotal=\count480
\c@multicitecount=\count481
\c@multicitetotal=\count482
\c@instcount=\count483
\c@maxnames=\count484
\c@minnames=\count485
\c@maxitems=\count486
\c@minitems=\count487
\c@citecounter=\count488
\c@maxcitecounter=\count489
\c@savedcitecounter=\count490
\c@uniquelist=\count491
\c@uniquename=\count492
\c@refsection=\count493
\c@refsegment=\count494
\c@maxextratitle=\count495
\c@maxextratitleyear=\count496
\c@maxextraname=\count497
\c@maxextradate=\count498
\c@maxextraalpha=\count499
\c@abbrvpenalty=\count500
\c@highnamepenalty=\count501
\c@lownamepenalty=\count502
\c@maxparens=\count503
\c@parenlevel=\count504
\blx@tempcnta=\count505
\blx@tempcntb=\count506
\blx@tempcntc=\count507
\c@blx@maxsection=\count508
\blx@maxsegment@0=\count509
\blx@notetype=\count510
\blx@parenlevel@text=\count511
\blx@parenlevel@foot=\count512
\blx@sectionciteorder@0=\count513
\blx@sectionciteorderinternal@0=\count514
\blx@entrysetcounter=\count515
\blx@biblioinstance=\count516
\labelnumberwidth=\skip268
\labelalphawidth=\skip269
\biblabelsep=\skip270
\bibitemsep=\skip271
\bibnamesep=\skip272
\bibinitsep=\skip273
\bibparsep=\skip274
\bibhang=\skip275
\blx@bcfin=\read4
\blx@bcfout=\write7
\blx@langwohyphens=\language92
\c@mincomprange=\count517
\c@maxcomprange=\count518
\c@mincompwidth=\count519
Package biblatex Info: Trying to load biblatex default data model...
Package biblatex Info: ... file 'blx-dm.def' found.
 (/usr/local/texlive/2026/texmf-dist/tex/latex/biblatex/blx-dm.def
File: blx-dm.def 2025/07/10 v3.21 biblatex datamodel (PK/MW)
)
Package biblatex Info: Trying to load biblatex style data model...
Package biblatex Info: ... file 'authoryear-ibid.dbx' not found.
Package biblatex Info: Trying to load biblatex custom data model...
Package biblatex Info: ... file 'biblatex-dm.cfg' not found.
\c@afterword=\count520
\c@savedafterword=\count521
\c@annotator=\count522
\c@savedannotator=\count523
\c@author=\count524
\c@savedauthor=\count525
\c@bookauthor=\count526
\c@savedbookauthor=\count527
\c@commentator=\count528
\c@savedcommentator=\count529
\c@editor=\count530
\c@savededitor=\count531
\c@editora=\count532
\c@savededitora=\count533
\c@editorb=\count534
\c@savededitorb=\count535
\c@editorc=\count536
\c@savededitorc=\count537
\c@foreword=\count538
\c@savedforeword=\count539
\c@holder=\count540
\c@savedholder=\count541
\c@introduction=\count542
\c@savedintroduction=\count543
\c@namea=\count544
\c@savednamea=\count545
\c@nameb=\count546
\c@savednameb=\count547
\c@namec=\count548
\c@savednamec=\count549
\c@translator=\count550
\c@savedtranslator=\count551
\c@shortauthor=\count552
\c@savedshortauthor=\count553
\c@shorteditor=\count554
\c@savedshorteditor=\count555
\c@labelname=\count556
\c@savedlabelname=\count557
\c@institution=\count558
\c@savedinstitution=\count559
\c@lista=\count560
\c@savedlista=\count561
\c@listb=\count562
\c@savedlistb=\count563
\c@listc=\count564
\c@savedlistc=\count565
\c@listd=\count566
\c@savedlistd=\count567
\c@liste=\count568
\c@savedliste=\count569
\c@listf=\count570
\c@savedlistf=\count571
\c@location=\count572
\c@savedlocation=\count573
\c@organization=\count574
\c@savedorganization=\count575
\c@origlocation=\count576
\c@savedoriglocation=\count577
\c@origpublisher=\count578
\c@savedorigpublisher=\count579
\c@publisher=\count580
\c@savedpublisher=\count581
\c@language=\count582
\c@savedlanguage=\count583
\c@origlanguage=\count584
\c@savedoriglanguage=\count585
\c@pageref=\count586
\c@savedpageref=\count587
\shorthandwidth=\skip276
\shortjournalwidth=\skip277
\shortserieswidth=\skip278
\shorttitlewidth=\skip279
\shortauthorwidth=\skip280
\shorteditorwidth=\skip281
\locallabelnumberwidth=\skip282
\locallabelalphawidth=\skip283
\localshorthandwidth=\skip284
\localshortjournalwidth=\skip285
\localshortserieswidth=\skip286
\localshorttitlewidth=\skip287
\localshortauthorwidth=\skip288
\localshorteditorwidth=\skip289
Package biblatex Info: Trying to load compatibility code...
Package biblatex Info: ... file 'blx-compat.def' found.
 (/usr/local/texlive/2026/texmf-dist/tex/latex/biblatex/blx-compat.def
File: blx-compat.def 2025/07/10 v3.21 biblatex compatibility (PK/MW)
)
Package biblatex Info: Trying to load generic definitions...
Package biblatex Info: ... file 'biblatex.def' found.
 (/usr/local/texlive/2026/texmf-dist/tex/latex/biblatex/biblatex.def
File: biblatex.def 2025/07/10 v3.21 biblatex compatibility (PK/MW)
\c@textcitecount=\count588
\c@textcitetotal=\count589
\c@textcitemaxnames=\count590
\c@biburlbigbreakpenalty=\count591
\c@biburlbreakpenalty=\count592
\c@biburlnumpenalty=\count593
\c@biburlucpenalty=\count594
\c@biburllcpenalty=\count595
\biburlbigskip=\muskip19
\biburlnumskip=\muskip20
\biburlucskip=\muskip21
\biburllcskip=\muskip22
\c@smartand=\count596
)
Package biblatex Info: Trying to load natbib compatibility...
Package biblatex Info: ... file 'blx-natbib.def' found.
 (/usr/local/texlive/2026/texmf-dist/tex/latex/biblatex/blx-natbib.def
File: blx-natbib.def 2025/07/10 v3.21 biblatex compatibility (PK/MW)
Package biblatex Info: Delimiter 'nameyeardelim' in context '' already defined, overwriting.
)
Package biblatex Info: Trying to load bibliography style 'authoryear'...
Package biblatex Info: ... file 'authoryear.bbx' found.
 (/usr/local/texlive/2026/texmf-dist/tex/latex/biblatex/bbx/authoryear.bbx
File: authoryear.bbx 2025/07/10 v3.21 biblatex bibliography style (PK/MW)
Package biblatex Info: Trying to load bibliography style 'standard'...
Package biblatex Info: ... file 'standard.bbx' found.
 (/usr/local/texlive/2026/texmf-dist/tex/latex/biblatex/bbx/standard.bbx
File: standard.bbx 2025/07/10 v3.21 biblatex bibliography style (PK/MW)
\c@bbx:relatedcount=\count597
\c@bbx:relatedtotal=\count598
))
Package biblatex Info: Trying to load citation style 'authoryear-ibid'...
Package biblatex Info: ... file 'authoryear-ibid.cbx' found.
 (/usr/local/texlive/2026/texmf-dist/tex/latex/biblatex/cbx/authoryear-ibid.cbx
File: authoryear-ibid.cbx 2025/07/10 v3.21 biblatex citation style (PK/MW)
Package biblatex Info: Redefining '\cite'.
Package biblatex Info: Redefining '\parencite'.
Package biblatex Info: Redefining '\footcite'.
Package biblatex Info: Redefining '\footcitetext'.
Package biblatex Info: Redefining '\smartcite'.
Package biblatex Info: Redefining '\textcite'.
Package biblatex Info: Redefining '\textcites'.
)
Package biblatex Info: Trying to load configuration file...
Package biblatex Info: ... file 'biblatex.cfg' found.
 (/usr/local/texlive/2026/texmf-dist/tex/latex/biblatex/biblatex.cfg
File: biblatex.cfg 
)
Package biblatex Info: Input encoding 'utf8' detected.
Package biblatex Info: Document encoding is UTF8 ....
Package biblatex Info: ... and expl3
(biblatex)             2026-01-19 L3 programming layer (loader) 
(biblatex)             is new enough (at least 2020/04/06),
(biblatex)             setting 'casechanger=expl3'.
 (/usr/local/texlive/2026/texmf-dist/tex/latex/biblatex/blx-case-expl3.sty
Package: blx-case-expl3 2025/07/10 v3.21 expl3 case changing code for biblatex
))
\signaturespacing=\dimen341
\c@appcnt=\count599
\c@storycnt=\count600
\c@crccnt=\count601
\c@effortcnt=\count602
\c@tempitercnt=\count603
\c@globalitercnt=\count604
\c@temprowcnt=\count605
\c@currentrow=\count606
\c@iterrowcnt=\count607
\c@foo=\count608
\c@itercounter=\count609
\c@iterdurationcnt=\count610
\c@engtaskcnt=\count611
\c@devtaskcnt=\count612
\c@testcasecnt=\count613
) (./Glossary.tex) (./Acronyms.tex)
Package csquotes Info: Checking for multilingual support...
Package csquotes Info: ... found 'babel' package.
Package csquotes Info: Adjusting default style.
Package csquotes Info: Redefining alias 'default' -> 'english'.
LaTeX Font Info:    Trying to load font information for T1+txr on input line 62.
 (/usr/local/texlive/2026/texmf-dist/tex/latex/txfonts/t1txr.fd
File: t1txr.fd 2000/12/15 v3.1
)

LaTeX Warning: Unused global option(s):
    [spanish].

(./tesis.aux
LaTeX Info: Redefining \. on input line 22.
LaTeX Info: Redefining \% on input line 22.
Package babel Info: 'spanish' activates 'spanish' shorthands.
(babel)             Reported on input line 22.
)
\openout1 = `tesis.aux'.

LaTeX Font Info:    Checking defaults for OML/txmi/m/it on input line 62.
LaTeX Font Info:    Trying to load font information for OML+txmi on input line 62.
 (/usr/local/texlive/2026/texmf-dist/tex/latex/txfonts/omltxmi.fd
File: omltxmi.fd 2000/12/15 v3.1
)
LaTeX Font Info:    ... okay on input line 62.
LaTeX Font Info:    Checking defaults for OMS/txsy/m/n on input line 62.
LaTeX Font Info:    Trying to load font information for OMS+txsy on input line 62.
 (/usr/local/texlive/2026/texmf-dist/tex/latex/txfonts/omstxsy.fd
File: omstxsy.fd 2000/12/15 v3.1
)
LaTeX Font Info:    ... okay on input line 62.
LaTeX Font Info:    Checking defaults for OT1/cmr/m/n on input line 62.
LaTeX Font Info:    ... okay on input line 62.
LaTeX Font Info:    Checking defaults for T1/cmr/m/n on input line 62.
LaTeX Font Info:    ... okay on input line 62.
LaTeX Font Info:    Checking defaults for TS1/cmr/m/n on input line 62.
LaTeX Font Info:    ... okay on input line 62.
LaTeX Font Info:    Checking defaults for OMX/txex/m/n on input line 62.
LaTeX Font Info:    Trying to load font information for OMX+txex on input line 62.
 (/usr/local/texlive/2026/texmf-dist/tex/latex/txfonts/omxtxex.fd
File: omxtxex.fd 2000/12/15 v3.1
)
LaTeX Font Info:    ... okay on input line 62.
LaTeX Font Info:    Checking defaults for U/txexa/m/n on input line 62.
LaTeX Font Info:    Trying to load font information for U+txexa on input line 62.
 (/usr/local/texlive/2026/texmf-dist/tex/latex/txfonts/utxexa.fd
File: utxexa.fd 2000/12/15 v3.1
)
LaTeX Font Info:    ... okay on input line 62.
LaTeX Font Info:    Checking defaults for PD1/pdf/m/n on input line 62.
LaTeX Font Info:    ... okay on input line 62.
LaTeX Font Info:    Checking defaults for PU/pdf/m/n on input line 62.
LaTeX Font Info:    ... okay on input line 62.

*geometry* driver: auto-detecting
*geometry* detected driver: pdftex
*geometry* verbose mode - [ preamble ] result:
* driver: pdftex
* paper: <default>
* layout: <same size as paper>
* layoutoffset:(h,v)=(0.0pt,0.0pt)
* modes: includefoot 
* h-part:(L,W,R)=(72.26999pt, 469.75502pt, 72.26999pt)
* v-part:(T,H,B)=(72.26999pt, 650.43001pt, 72.26999pt)
* \paperwidth=614.295pt
* \paperheight=794.96999pt
* \textwidth=469.75502pt
* \textheight=620.43001pt
* \oddsidemargin=0.0pt
* \evensidemargin=0.0pt
* \topmargin=-37.0pt
* \headheight=12.0pt
* \headsep=25.0pt
* \topskip=11.0pt
* \footskip=30.0pt
* \marginparwidth=59.0pt
* \marginparsep=10.0pt
* \columnsep=10.0pt
* \skip\footins=10.0pt plus 4.0pt minus 2.0pt
* \hoffset=0.0pt
* \voffset=0.0pt
* \mag=1000
* \@twocolumnfalse
* \@twosidefalse
* \@mparswitchfalse
* \@reversemarginfalse
* (1in=72.27pt=25.4mm, 1cm=28.453pt)

(/usr/local/texlive/2026/texmf-dist/tex/context/base/mkii/supp-pdf.mkii
[Loading MPS to PDF converter (version 2006.09.02).]
\scratchcounter=\count614
\scratchdimen=\dimen342
\scratchbox=\box89
\nofMPsegments=\count615
\nofMParguments=\count616
\everyMPshowfont=\toks79
\MPscratchCnt=\count617
\MPscratchDim=\dimen343
\MPnumerator=\count618
\makeMPintoPDFobject=\count619
\everyMPtoPDFconversion=\toks80
)
Package caption Info: Begin \AtBeginDocument code.
Package caption Info: float package is loaded.
Package caption Info: hyperref package is loaded.
Package caption Info: listings package is loaded.
Package caption Info: longtable package is loaded.
 (/usr/local/texlive/2026/texmf-dist/tex/latex/caption/ltcaption.sty
Package: ltcaption 2021/01/08 v1.4c longtable captions (AR)
)
Package caption Info: rotating package is loaded.
Package caption Info: supertabular package is loaded.
Package caption Info: End \AtBeginDocument code.
LaTeX Info: Redefining \. on input line 62.
LaTeX Info: Redefining \% on input line 62.
Package hyperref Info: Option `unicode' set `false' on input line 62.
Package hyperref Info: Option `pdfnewwindow' set `true' on input line 62.
Package hyperref Info: Option `plainpages' set `false' on input line 62.
\c@lstlisting=\count620
LaTeX Encoding Info:    Redeclaring text command \k (encoding T1) on input line 62.
Package hyperref Info: Link coloring ON on input line 62.
Package biblatex Info: Trying to load language 'english'...
Package biblatex Info: ... file 'english.lbx' found.
 (/usr/local/texlive/2026/texmf-dist/tex/latex/biblatex/lbx/english.lbx
File: english.lbx 2025/07/10 v3.21 biblatex localization (PK/MW)
)
Package biblatex Info: Trying to load language 'spanish'...
Package biblatex Info: ... file 'spanish.lbx' found.
 (/usr/local/texlive/2026/texmf-dist/tex/latex/biblatex/lbx/spanish.lbx
File: spanish.lbx 2025/07/10 v3.21 biblatex localization (PK/MW)
)
Package biblatex Info: Input encoding 'utf8' detected.
Package biblatex Info: Automatic encoding selection.
(biblatex)             Assuming data encoding 'utf8'.
\openout7 = `tesis.bcf'.

Package biblatex Info: Trying to load bibliographic data...
Package biblatex Info: ... file 'tesis.bbl' found.
 (./tesis.bbl)
Package biblatex Info: Reference section=0 on input line 62.
Package biblatex Info: Reference segment=0 on input line 62.
*geometry* verbose mode - [ newgeometry ] result:
* driver: pdftex
* paper: <default>
* layout: <same size as paper>
* layoutoffset:(h,v)=(0.0pt,0.0pt)
* modes: includefoot 
* h-part:(L,W,R)=(72.26999pt, 469.75502pt, 72.26999pt)
* v-part:(T,H,B)=(72.26999pt, 650.43001pt, 72.26999pt)
* \paperwidth=614.295pt
* \paperheight=794.96999pt
* \textwidth=469.75502pt
* \textheight=620.43001pt
* \oddsidemargin=0.0pt
* \evensidemargin=0.0pt
* \topmargin=-37.0pt
* \headheight=12.0pt
* \headsep=25.0pt
* \topskip=11.0pt
* \footskip=30.0pt
* \marginparwidth=59.0pt
* \marginparsep=10.0pt
* \columnsep=10.0pt
* \skip\footins=10.0pt plus 4.0pt minus 2.0pt
* \hoffset=0.0pt
* \voffset=0.0pt
* \mag=1000
* \@twocolumnfalse
* \@twosidefalse
* \@mparswitchfalse
* \@reversemarginfalse
* (1in=72.27pt=25.4mm, 1cm=28.453pt)

Package epstopdf Info: Source file: <LogoUCI.eps>
(epstopdf)                    date: 2026-04-18 00:27:29
(epstopdf)                    size: 359286 bytes
(epstopdf)             Output file: <LogoUCI-eps-converted-to.pdf>
(epstopdf)                    date: 2026-04-18 00:27:29
(epstopdf)                    size: 134998 bytes
(epstopdf)             Command: <repstopdf --outfile=LogoUCI-eps-converted-to.pdf LogoUCI.eps>
(epstopdf)             \includegraphics on input line 64.
Package epstopdf Info: Output file is already uptodate.
<LogoUCI-eps-converted-to.pdf, id=7, 794.97pt x 614.295pt>
File: LogoUCI-eps-converted-to.pdf Graphic file (type pdf)
<use LogoUCI-eps-converted-to.pdf>
Package pdftex.def Info: LogoUCI-eps-converted-to.pdf  used on input line 64.
(pdftex.def)             Requested size: 164.41711pt x 127.0467pt.
LaTeX Font Info:    Font shape `T1/txr/b/n' in size <10.95> not available
(Font)              Font shape `T1/txr/bx/n' tried instead on input line 64.
\c@rowcnt=\count621
LaTeX Font Info:    Trying to load font information for OT1+txr on input line 64.
 (/usr/local/texlive/2026/texmf-dist/tex/latex/txfonts/ot1txr.fd
File: ot1txr.fd 2000/12/15 v3.1
)
LaTeX Font Info:    Trying to load font information for U+txsya on input line 64.
 (/usr/local/texlive/2026/texmf-dist/tex/latex/txfonts/utxsya.fd
File: utxsya.fd 2000/12/15 v3.1
)
LaTeX Font Info:    Trying to load font information for U+txsyb on input line 64.
 (/usr/local/texlive/2026/texmf-dist/tex/latex/txfonts/utxsyb.fd
File: utxsyb.fd 2000/12/15 v3.1
)
LaTeX Font Info:    Trying to load font information for U+txmia on input line 64.
 (/usr/local/texlive/2026/texmf-dist/tex/latex/txfonts/utxmia.fd
File: utxmia.fd 2000/12/15 v3.1
)
LaTeX Font Info:    Trying to load font information for U+txsyc on input line 64.
 (/usr/local/texlive/2026/texmf-dist/tex/latex/txfonts/utxsyc.fd
File: utxsyc.fd 2000/12/15 v3.1
) [1

\openout4 = `tesis.ist'.


{/usr/local/texlive/2026/texmf-var/fonts/map/pdftex/updmap/pdftex.map}{/usr/local/texlive/2026/texmf-dist/fonts/enc/dvips/base/8r.enc} <./LogoUCI-eps-converted-to.pdf>]
LaTeX Font Info:    Trying to load font information for T1+JanaSkrivana on input line 64.
 (/usr/local/texlive/2026/texmf-dist/tex/latex/aurical/T1JanaSkrivana.fd
File: T1JanaSkrivana.fd 2006/01/01 font def. for JanaSkrivana, a calligraphic cursive handwriting with strong strokewidth modulations
)

LaTeX Font Warning: Font shape `T1/JanaSkrivana/m/n' will be
(Font)              scaled to size 12.59242pt on input line 64.


LaTeX Font Warning: Font shape `T1/JanaSkrivana/m/sl' will be
(Font)              scaled to size 12.59242pt on input line 64.


LaTeX Font Warning: Font shape `T1/JanaSkrivana/m/sl' will be
(Font)              scaled to size 18.3999pt on input line 64.

[2]
LaTeX Font Info:    Trying to load font information for T1+txss on input line 64.
 (/usr/local/texlive/2026/texmf-dist/tex/latex/txfonts/t1txss.fd
File: t1txss.fd 2000/12/15 v3.1
)
LaTeX Font Info:    Font shape `T1/txss/m/n' will be
(Font)              scaled to size 13.67995pt on input line 64.
 [3


]

LaTeX Font Warning: Font shape `T1/JanaSkrivana/m/sl' will be
(Font)              scaled to size 176.60886pt on input line 64.

[4

] [5]
Underfull \hbox (badness 10000) in paragraph at lines 64--64

 []

\c@itemscnt=\count622
\c@itemOnLeft=\count623
\c@itemOnRight=\count624
\c@maxcnt=\count625
[6


] [7

] (./tesis.toc
LaTeX Info: Redefining \sptext on input line 2.
LaTeX Info: Redefining \. on input line 2.
LaTeX Info: Redefining \% on input line 2.
 [8

])
\tf@toc=\write8
\openout8 = `tesis.toc'.

 [9] (./tesis.lof
LaTeX Info: Redefining \sptext on input line 2.
LaTeX Info: Redefining \. on input line 2.
LaTeX Info: Redefining \% on input line 2.
)
\tf@lof=\write9
\openout9 = `tesis.lof'.

 [10

] (./tesis.lot
LaTeX Info: Redefining \sptext on input line 2.
LaTeX Info: Redefining \. on input line 2.
LaTeX Info: Redefining \% on input line 2.
)
\tf@lot=\write10
\openout10 = `tesis.lot'.

 [11

] (./tesis.loa)
\tf@loa=\write11
\openout11 = `tesis.loa'.

 [12

] (./tesis.lol)
\tf@lol=\write12
\openout12 = `tesis.lol'.

 [13

] (./tesis.tdo)
\tf@tdo=\write13
\openout13 = `tesis.tdo'.

 [14

] (./Introduction.tex [1


]
LaTeX Info: Redefining \. on input line 108.
LaTeX Info: Redefining \% on input line 108.
Package babel Info: 'spanish' activates 'spanish' shorthands.
(babel)             Reported on input line 108.
 [2]) (./Chapter1.tex
LaTeX Info: Redefining \. on input line 1.
LaTeX Info: Redefining \% on input line 1.
 [3]
Cap\'{\i }tulo 1.
LaTeX Font Info:    Font shape `T1/txss/m/n' will be
(Font)              scaled to size 23.63593pt on input line 1.
LaTeX Font Info:    Font shape `T1/txr/b/n' in size <14.4> not available
(Font)              Font shape `T1/txr/bx/n' tried instead on input line 14.
[4

]
LaTeX Font Info:    Font shape `T1/txr/b/it' in size <10.95> not available
(Font)              Font shape `T1/txr/bx/it' tried instead on input line 65.
LaTeX Info: Redefining \. on input line 84.
LaTeX Info: Redefining \% on input line 84.
 [5]
LaTeX Font Info:    Trying to load font information for T1+txtt on input line 129.
 (/usr/local/texlive/2026/texmf-dist/tex/latex/txfonts/t1txtt.fd
File: t1txtt.fd 2000/12/15 v3.1
)
LaTeX Info: Redefining \. on input line 132.
LaTeX Info: Redefining \% on input line 132.
 [6]
LaTeX Font Info:    Font shape `T1/txr/b/n' in size <10> not available
(Font)              Font shape `T1/txr/bx/n' tried instead on input line 143.
LaTeX Info: Redefining \. on input line 196.
LaTeX Info: Redefining \% on input line 196.
 [7]
<Images/flujo_actual.pdf, id=358, 331.12276pt x 395.22656pt>
File: Images/flujo_actual.pdf Graphic file (type pdf)
<use Images/flujo_actual.pdf>
Package pdftex.def Info: Images/flujo_actual.pdf  used on input line 202.
(pdftex.def)             Requested size: 422.77664pt x 504.66403pt.
LaTeX Info: Redefining \. on input line 206.
LaTeX Info: Redefining \% on input line 206.
 [8]
LaTeX Info: Redefining \. on input line 214.
LaTeX Info: Redefining \% on input line 214.
 [9 <./Images/flujo_actual.pdf>]
LaTeX Font Info:    Font shape `T1/txr/b/n' in size <12> not available
(Font)              Font shape `T1/txr/bx/n' tried instead on input line 230.
LaTeX Info: Redefining \. on input line 259.
LaTeX Info: Redefining \% on input line 259.
 [10]
LaTeX Info: Redefining \. on input line 314.
LaTeX Info: Redefining \% on input line 314.
 [11]
Underfull \hbox (badness 10000) in paragraph at lines 359--361
[]|\T1/txr/m/n/10 Iteraciones cor-tas y pla-ni-fi-ca-das
 []


Underfull \hbox (badness 10000) in paragraph at lines 371--371
[]|\T1/txr/m/n/10 Extreme Pro-
 []


Underfull \hbox (badness 10000) in paragraph at lines 371--371
\T1/txr/m/n/10 gram-ming
 []


Underfull \hbox (badness 2119) in paragraph at lines 372--373
[]|\T1/txr/m/n/10 Énfasis en ca-li-dad téc-ni-ca: prue-bas
 []


ignored: Infinite glue shrinkage found in box being split
LaTeX Info: Redefining \. on input line 377.
LaTeX Info: Redefining \% on input line 377.
[12]
<Images/scrum.png, id=440, 515.67656pt x 268.75406pt>
File: Images/scrum.png Graphic file (type png)
<use Images/scrum.png>
Package pdftex.def Info: Images/scrum.png  used on input line 408.
(pdftex.def)             Requested size: 422.77664pt x 220.34285pt.
LaTeX Info: Redefining \. on input line 412.
LaTeX Info: Redefining \% on input line 412.
 [13]
LaTeX Info: Redefining \. on input line 448.
LaTeX Info: Redefining \% on input line 448.
 [14 <./Images/scrum.png>]) (./Chapter2.tex
LaTeX Info: Redefining \. on input line 1.
LaTeX Info: Redefining \% on input line 1.
 [15]
Cap\'{\i }tulo 2.
[16

]
<Images/flujo_estados.jpg, id=470, 779.91376pt x 244.915pt>
File: Images/flujo_estados.jpg Graphic file (type jpg)
<use Images/flujo_estados.jpg>
Package pdftex.def Info: Images/flujo_estados.jpg  used on input line 57.
(pdftex.def)             Requested size: 446.26582pt x 140.13739pt.
<Images/flujo_proceso.jpg, id=471, 1554.80875pt x 296.10625pt>
File: Images/flujo_proceso.jpg Graphic file (type jpg)
<use Images/flujo_proceso.jpg>
Package pdftex.def Info: Images/flujo_proceso.jpg  used on input line 67.
(pdftex.def)             Requested size: 446.26582pt x 84.98755pt.
LaTeX Info: Redefining \. on input line 79.
LaTeX Info: Redefining \% on input line 79.
 [17 <./Images/flujo_estados.jpg>]
<Images/Iniciar - Initial.jpg, id=478, 1033.8625pt x 776.9025pt>
File: Images/Iniciar - Initial.jpg Graphic file (type jpg)
<use Images/Iniciar - Initial.jpg>
Package pdftex.def Info: Images/Iniciar - Initial.jpg  used on input line 154.
(pdftex.def)             Requested size: 288.08414pt x 216.47615pt.

ignored: Infinite glue shrinkage found in box being split
LaTeX Info: Redefining \. on input line 155.
LaTeX Info: Redefining \% on input line 155.
 [18 <./Images/flujo_proceso.jpg>]
File: Images/Iniciar - Initial.jpg Graphic file (type jpg)
<use Images/Iniciar - Initial.jpg>
Package pdftex.def Info: Images/Iniciar - Initial.jpg  used on input line 198.
(pdftex.def)             Requested size: 288.08414pt x 216.47615pt.

ignored: Infinite glue shrinkage found in box being split
LaTeX Info: Redefining \. on input line 199.
LaTeX Info: Redefining \% on input line 199.
 [19 <./Images/Iniciar - Initial.jpg>]
<Images/Pausar - Initial.jpg, id=488, 1033.8625pt x 776.9025pt>
File: Images/Pausar - Initial.jpg Graphic file (type jpg)
<use Images/Pausar - Initial.jpg>
Package pdftex.def Info: Images/Pausar - Initial.jpg  used on input line 240.
(pdftex.def)             Requested size: 288.08414pt x 216.47615pt.

ignored: Infinite glue shrinkage found in box being split
LaTeX Info: Redefining \. on input line 241.
LaTeX Info: Redefining \% on input line 241.
 [20]
<Images/Reanudar - Initial.jpg, id=494, 1033.8625pt x 776.9025pt>
File: Images/Reanudar - Initial.jpg Graphic file (type jpg)
<use Images/Reanudar - Initial.jpg>
Package pdftex.def Info: Images/Reanudar - Initial.jpg  used on input line 280.
(pdftex.def)             Requested size: 288.08414pt x 216.47615pt.
LaTeX Info: Redefining \. on input line 281.
LaTeX Info: Redefining \% on input line 281.
 [21 <./Images/Pausar - Initial.jpg>]
ignored: Infinite glue shrinkage found in box being split
LaTeX Info: Redefining \. on input line 281.
LaTeX Info: Redefining \% on input line 281.
 [22]
File: Images/Pausar - Initial.jpg Graphic file (type jpg)
<use Images/Pausar - Initial.jpg>
Package pdftex.def Info: Images/Pausar - Initial.jpg  used on input line 320.
(pdftex.def)             Requested size: 288.08414pt x 216.47615pt.

ignored: Infinite glue shrinkage found in box being split
LaTeX Info: Redefining \. on input line 321.
LaTeX Info: Redefining \% on input line 321.
 [23 <./Images/Reanudar - Initial.jpg>]
<Images/Lista de subidas Bien - Initial.jpg, id=508, 1033.8625pt x 776.9025pt>
File: Images/Lista de subidas Bien - Initial.jpg Graphic file (type jpg)
<use Images/Lista de subidas Bien - Initial.jpg>
Package pdftex.def Info: Images/Lista de subidas Bien - Initial.jpg  used on input line 368.
(pdftex.def)             Requested size: 288.08414pt x 216.47615pt.

ignored: Infinite glue shrinkage found in box being split
LaTeX Info: Redefining \. on input line 369.
LaTeX Info: Redefining \% on input line 369.
 [24]
<Images/Lista de subidas sin publicar - Initial.jpg, id=513, 1033.8625pt x 776.9025pt>
File: Images/Lista de subidas sin publicar - Initial.jpg Graphic file (type jpg)
<use Images/Lista de subidas sin publicar - Initial.jpg>
Package pdftex.def Info: Images/Lista de subidas sin publicar - Initial.jpg  used on input line 412.
(pdftex.def)             Requested size: 288.08414pt x 216.47615pt.

ignored: Infinite glue shrinkage found in box being split
LaTeX Info: Redefining \. on input line 413.
LaTeX Info: Redefining \% on input line 413.
 [25 <./Images/Lista de subidas Bien - Initial.jpg>]
ignored: Infinite glue shrinkage found in box being split
LaTeX Info: Redefining \. on input line 413.
LaTeX Info: Redefining \% on input line 413.
 [26]
<Images/Lista de subidas sin publicar Monit - Initial.jpg, id=522, 1033.8625pt x 776.9025pt>
File: Images/Lista de subidas sin publicar Monit - Initial.jpg Graphic file (type jpg)
<use Images/Lista de subidas sin publicar Monit - Initial.jpg>
Package pdftex.def Info: Images/Lista de subidas sin publicar Monit - Initial.jpg  used on input line 464.
(pdftex.def)             Requested size: 288.08414pt x 216.47615pt.

ignored: Infinite glue shrinkage found in box being split
LaTeX Info: Redefining \. on input line 465.
LaTeX Info: Redefining \% on input line 465.
 [27 <./Images/Lista de subidas sin publicar - Initial.jpg>]
<Images/Lista de subidas publicadas - Initial.jpg, id=527, 1033.8625pt x 776.9025pt>
File: Images/Lista de subidas publicadas - Initial.jpg Graphic file (type jpg)
<use Images/Lista de subidas publicadas - Initial.jpg>
Package pdftex.def Info: Images/Lista de subidas publicadas - Initial.jpg  used on input line 503.
(pdftex.def)             Requested size: 288.08414pt x 216.47615pt.
LaTeX Info: Redefining \. on input line 504.
LaTeX Info: Redefining \% on input line 504.
 [28 <./Images/Lista de subidas sin publicar Monit - Initial.jpg>]
File: Images/Lista de subidas Bien - Initial.jpg Graphic file (type jpg)
<use Images/Lista de subidas Bien - Initial.jpg>
Package pdftex.def Info: Images/Lista de subidas Bien - Initial.jpg  used on input line 545.
(pdftex.def)             Requested size: 288.08414pt x 216.47615pt.
LaTeX Info: Redefining \. on input line 546.
LaTeX Info: Redefining \% on input line 546.
 [29 <./Images/Lista de subidas publicadas - Initial.jpg>]
ignored: Infinite glue shrinkage found in box being split
LaTeX Info: Redefining \. on input line 546.
LaTeX Info: Redefining \% on input line 546.
 [30]
Underfull \hbox (badness 10000) in paragraph at lines 591--591
[]|\T1/txr/m/n/10 Manejo con-tro-la-do
 []

LaTeX Info: Redefining \. on input line 595.
LaTeX Info: Redefining \% on input line 595.
[31]
ignored: Infinite glue shrinkage found in box being split
LaTeX Info: Redefining \. on input line 679.
LaTeX Info: Redefining \% on input line 679.
 [32]
LaTeX Info: Redefining \. on input line 735.
LaTeX Info: Redefining \% on input line 735.
 [33]
LaTeX Info: Redefining \. on input line 797.
LaTeX Info: Redefining \% on input line 797.
 [34]
LaTeX Font Info:    Font shape `T1/txr/b/it' in size <12> not available
(Font)              Font shape `T1/txr/bx/it' tried instead on input line 812.
<Images/cqrs_picta.pdf, id=569, 511.9125pt x 391.4625pt>
File: Images/cqrs_picta.pdf Graphic file (type pdf)
<use Images/cqrs_picta.pdf>
Package pdftex.def Info: Images/cqrs_picta.pdf  used on input line 827.
(pdftex.def)             Requested size: 446.26582pt x 341.26251pt.
LaTeX Info: Redefining \. on input line 831.
LaTeX Info: Redefining \% on input line 831.
 [35]
LaTeX Font Info:    Font shape `T1/txtt/b/n' in size <10.95> not available
(Font)              Font shape `T1/txtt/bx/n' tried instead on input line 832.
LaTeX Info: Redefining \. on input line 858.
LaTeX Info: Redefining \% on input line 858.
 [36 <./Images/cqrs_picta.pdf>]
LaTeX Info: Redefining \. on input line 899.
LaTeX Info: Redefining \% on input line 899.
 [37] (/usr/local/texlive/2026/texmf-dist/tex/latex/listings/lstlang1.sty
File: lstlang1.sty 2025/11/14 1.11b listings language file
)
Package hyperref Info: bookmark level for unknown lstlisting defaults to 0 on input line 900.
LaTeX Font Info:    Trying to load font information for TS1+txr on input line 901.
 (/usr/local/texlive/2026/texmf-dist/tex/latex/txfonts/ts1txr.fd
File: ts1txr.fd 2000/12/15 v3.1
)
LaTeX Info: Redefining \. on input line 939.
LaTeX Info: Redefining \% on input line 939.
 [38]
Overfull \hbox (15.50821pt too wide) in paragraph at lines 943--948
\T1/txr/m/n/10.95 ci-clo de vi-da de la apli-ca-ción Djan-go. La ins-tan-cia se crea me-dian-te la fun-ción \T1/txtt/m/n/10.95 crear_cliente_minio()
 []

LaTeX Info: Redefining \. on input line 995.
LaTeX Info: Redefining \% on input line 995.
[39]) (./Chapter3.tex
LaTeX Info: Redefining \. on input line 1.
LaTeX Info: Redefining \% on input line 1.
 [40]
Cap\'{\i }tulo 3.
[41

]
Overfull \hbox (19.84299pt too wide) in paragraph at lines 37--56
\T1/txr/m/n/10.95 , en mo-ra-do, que en-cap-su-lan la per-sis-ten-cia re-la-cio-nal; y los com-po-nen-tes au-xi-lia-res \T1/txtt/m/n/10.95 publicacionDocument.py
 []

<Images/componentes.jpg, id=706, 1486.55376pt x 881.2925pt>
File: Images/componentes.jpg Graphic file (type jpg)
<use Images/componentes.jpg>
Package pdftex.def Info: Images/componentes.jpg  used on input line 59.
(pdftex.def)             Requested size: 446.26582pt x 264.5646pt.
LaTeX Info: Redefining \. on input line 77.
LaTeX Info: Redefining \% on input line 77.
[42 <./Images/componentes.jpg>]
LaTeX Info: Redefining \. on input line 158.
LaTeX Info: Redefining \% on input line 158.
 [43]
LaTeX Info: Redefining \. on input line 193.
LaTeX Info: Redefining \% on input line 193.
 [44]
LaTeX Info: Redefining \. on input line 240.
LaTeX Info: Redefining \% on input line 240.
 [45]
Underfull \hbox (badness 2426) in paragraph at lines 265--265
[]|\T1/txr/m/n/10.95 Subida com-ple-ta-da en un úni-co
 []


Underfull \hbox (badness 1348) in paragraph at lines 283--284
\T1/txr/m/n/10.95 es-ta-do \T1/txr/m/it/10.95 Pau-sa-do \T1/txr/m/n/10.95 con pro-gre-so en
 []


Overfull \hbox (29.68889pt too wide) in paragraph at lines 297--305
\T1/txr/m/n/10.95 ta-dos con-sis-ten-tes en to-dos los na-ve-ga-do-res. El ca-so TC-004, que de-pen-de del even-to \T1/txtt/m/n/10.95 window.addEventListener
 []

LaTeX Info: Redefining \. on input line 305.
LaTeX Info: Redefining \% on input line 305.
[46]
Overfull \hbox (12.06201pt too wide) in paragraph at lines 345--357
 [][] 
 []

LaTeX Info: Redefining \. on input line 372.
LaTeX Info: Redefining \% on input line 372.
[47]
Underfull \hbox (badness 1286) in paragraph at lines 397--398
[]|\T1/txr/m/n/10.95 Reanudación des-de el úl-ti-
 []


Underfull \hbox (badness 3396) in paragraph at lines 397--398
\T1/txr/m/n/10.95 mo frag-men-to con-fir-ma-do;
 []


Underfull \hbox (badness 2285) in paragraph at lines 401--402
[]|\T1/txr/m/n/10.95 Estado per-sis-ti-do en In-de-
 []


Underfull \hbox (badness 1087) in paragraph at lines 409--411
[]|\T1/txr/m/n/10.95 Mínima: los frag-men-tos se
 []


Underfull \hbox (badness 4726) in paragraph at lines 409--411
\T1/txr/m/n/10.95 trans-fie-ren di-rec-ta-men-te al
 []


Underfull \hbox (badness 2359) in paragraph at lines 409--411
\T1/txr/m/n/10.95 al-ma-ce-na-mien-to Mi-nIO S3
 []


Underfull \hbox (badness 1546) in paragraph at lines 414--415
[]|\T1/txr/m/n/10.95 Múltiples se-sio-nes si-mul-tá-
 []


Underfull \hbox (badness 1502) in paragraph at lines 417--417
\T1/txr/m/n/10.95 de me-ta-da-tos blo-quea-ba la
 []


Underfull \hbox (badness 10000) in paragraph at lines 418--419
[]|\T1/txr/m/n/10.95 Desacoplado: el pro-ce-sa-
 []


Underfull \hbox (badness 1221) in paragraph at lines 418--419
\T1/txr/m/n/10.95 mien-to se de-le-ga a Ce-lery
 []


Underfull \hbox (badness 2310) in paragraph at lines 418--419
\T1/txr/m/n/10.95 y el usua-rio pue-de se-guir
 []

LaTeX Info: Redefining \. on input line 426.
LaTeX Info: Redefining \% on input line 426.
[48]
LaTeX Info: Redefining \. on input line 450.
LaTeX Info: Redefining \% on input line 450.
 [49]
LaTeX Font Info:    Font shape `T1/txr/b/it' in size <10> not available
(Font)              Font shape `T1/txr/bx/it' tried instead on input line 469.

Underfull \hbox (badness 2173) in paragraph at lines 493--493
[]|\T1/txr/m/n/10 Iniciar pro-ce-so de car-ga
 []


ignored: Infinite glue shrinkage found in box being split
LaTeX Info: Redefining \. on input line 536.
LaTeX Info: Redefining \% on input line 536.
[50]
Underfull \hbox (badness 10000) in paragraph at lines 570--576
[]|\T1/txr/bx/n/10 Given: \T1/txr/m/n/10 El ad-mi-nis-tra-dor de ca-nal es-tá
 []


Underfull \hbox (badness 4454) in paragraph at lines 570--576
\T1/txr/m/n/10 au-ten-ti-ca-do. \T1/txr/bx/n/10 When: \T1/txr/m/n/10 Na-ve-ga a la pá-gi-na
 []


Underfull \hbox (badness 2653) in paragraph at lines 570--576
\T1/txr/m/n/10 de ges-tión de su-bi-das. \T1/txr/bx/n/10 Then: \T1/txr/m/n/10 La pá-gi-na
 []


Underfull \hbox (badness 7888) in paragraph at lines 570--576
\T1/txr/m/n/10 fil-tros fun-cio-na-les (\T1/txr/m/it/10 To-das\T1/txr/m/n/10 , \T1/txr/m/it/10 Sin pro-ce-sar\T1/txr/m/n/10 ,
 []


Underfull \hbox (badness 3396) in paragraph at lines 570--576
\T1/txr/m/it/10 Pro-ce-sa-das\T1/txr/m/n/10 ), y una co-lum-na \T1/txr/m/it/10 Ac-ción \T1/txr/m/n/10 con
 []


Underfull \hbox (badness 4792) in paragraph at lines 570--576
\T1/txr/m/n/10 bo-to-nes con-tex-tua-les co-rrec-tos pa-ra ca-da
 []

LaTeX Info: Redefining \. on input line 616.
LaTeX Info: Redefining \% on input line 616.
[51]
LaTeX Info: Redefining \. on input line 623.
LaTeX Info: Redefining \% on input line 623.
 [52]
LaTeX Info: Redefining \. on input line 695.
LaTeX Info: Redefining \% on input line 695.
 [53]) (./Conclusions.tex
LaTeX Info: Redefining \. on input line 1.
LaTeX Info: Redefining \% on input line 1.
 [54]) (./Suggestions.tex [55

])

Package glossaries Warning: No \printglossary or \printglossaries found. 
(Remove \makeglossaries if you don't want any glossaries.) 
This document will not have a glossary.

No file tesis.gls.
No file tesis.acr.
[56

]
Overfull \hbox (37.69614pt too wide) in paragraph at lines 73--73
[][]\T1/txr/m/n/10.95 Ecma In-ter-na-tio-nal (2023). \T1/txr/m/it/10.95 EC-MAS-cript 2023 Lan-gua-ge Spe-ci-fi-ca-tion\T1/txr/m/n/10.95 . \T1/txr/m/sc/10.95 url\T1/txr/m/n/10.95 : [][]$\T1/txtt/m/n/10.95 https : / / www . ecma -[] international .
 []

[57

]
LaTeX Info: Redefining \. on input line 73.
LaTeX Info: Redefining \% on input line 73.
 [58]
LaTeX Info: Redefining \. on input line 73.
LaTeX Info: Redefining \% on input line 73.
 [59] (./tesis.aux
LaTeX Info: Redefining \sptext on input line 22.
LaTeX Info: Redefining \. on input line 22.
LaTeX Info: Redefining \% on input line 22.
)
 ***********
LaTeX2e <2025-11-01>
L3 programming layer <2026-01-19>
 ***********
Package logreq Info: Writing requests to 'tesis.run.xml'.
\openout1 = `tesis.run.xml'.

 ) 
Here is how much of TeX's memory you used:
 50726 strings out of 467525
 968795 string characters out of 5418982
 2024508 words of memory out of 5000000
 78454 multiletter control sequences out of 15000+600000
 723246 words of font info for 171 fonts, out of 8000000 for 9000
 1141 hyphenation exceptions out of 8191
 113i,12n,131p,2573b,3678s stack positions out of 10000i,1000n,20000p,200000b,200000s
</usr/local/texlive/2026/texmf-dist/fonts/type1/public/aurical/JanaSkrivanaSlant.pfb></usr/local/texlive/2026/texmf-dist/fonts/type1/public/txfonts/rtxb.pfb></usr/local/texlive/2026/texmf-dist/fonts/type1/public/txfonts/rtxi.pfb></usr/local/texlive/2026/texmf-dist/fonts/type1/public/txfonts/rtxmi.pfb></usr/local/texlive/2026/texmf-dist/fonts/type1/public/txfonts/rtxr.pfb></usr/local/texlive/2026/texmf-dist/fonts/type1/public/txfonts/rtxsc.pfb></usr/local/texlive/2026/texmf-dist/fonts/type1/public/txfonts/t1xbtt.pfb></usr/local/texlive/2026/texmf-dist/fonts/type1/public/txfonts/t1xtt.pfb></usr/local/texlive/2026/texmf-dist/fonts/type1/public/txfonts/txsy.pfb></usr/local/texlive/2026/texmf-dist/fonts/type1/public/txfonts/txsya.pfb></usr/local/texlive/2026/texmf-dist/fonts/type1/urw/helvetic/uhvr8a.pfb></usr/local/texlive/2026/texmf-dist/fonts/type1/urw/times/utmb8a.pfb></usr/local/texlive/2026/texmf-dist/fonts/type1/urw/times/utmbi8a.pfb></usr/local/texlive/2026/texmf-dist/fonts/type1/urw/times/utmr8a.pfb></usr/local/texlive/2026/texmf-dist/fonts/type1/urw/times/utmr8a.pfb></usr/local/texlive/2026/texmf-dist/fonts/type1/urw/times/utmri8a.pfb>
Output written on tesis.pdf (73 pages, 1690701 bytes).
PDF statistics:
 1150 PDF objects out of 1200 (max. 8388607)
 984 compressed objects within 10 object streams
 279 named destinations out of 1000 (max. 500000)
 395 words of extra memory for PDF output out of 10000 (max. 10000000)

